Component: Arm Compiler for Embedded 6.21 Tool: armlink [5ec1fa00]

==============================================================================

Section Cross References

    startup_stm32f103xb.o(STACK) refers (Special) to heapauxi.o(.text) for __use_two_region_memory
    startup_stm32f103xb.o(HEAP) refers (Special) to heapauxi.o(.text) for __use_two_region_memory
    startup_stm32f103xb.o(RESET) refers (Special) to heapauxi.o(.text) for __use_two_region_memory
    startup_stm32f103xb.o(RESET) refers to startup_stm32f103xb.o(STACK) for __initial_sp
    startup_stm32f103xb.o(RESET) refers to startup_stm32f103xb.o(.text) for Reset_Handler
    startup_stm32f103xb.o(RESET) refers to stm32f1xx_it.o(.text.NMI_Handler) for NMI_Handler
    startup_stm32f103xb.o(RESET) refers to stm32f1xx_it.o(.text.HardFault_Handler) for HardFault_Handler
    startup_stm32f103xb.o(RESET) refers to stm32f1xx_it.o(.text.MemManage_Handler) for MemManage_Handler
    startup_stm32f103xb.o(RESET) refers to stm32f1xx_it.o(.text.BusFault_Handler) for BusFault_Handler
    startup_stm32f103xb.o(RESET) refers to stm32f1xx_it.o(.text.UsageFault_Handler) for UsageFault_Handler
    startup_stm32f103xb.o(RESET) refers to stm32f1xx_it.o(.text.SVC_Handler) for SVC_Handler
    startup_stm32f103xb.o(RESET) refers to stm32f1xx_it.o(.text.DebugMon_Handler) for DebugMon_Handler
    startup_stm32f103xb.o(RESET) refers to stm32f1xx_it.o(.text.PendSV_Handler) for PendSV_Handler
    startup_stm32f103xb.o(RESET) refers to stm32f1xx_it.o(.text.SysTick_Handler) for SysTick_Handler
    startup_stm32f103xb.o(RESET) refers to stm32f1xx_it.o(.text.USART1_IRQHandler) for USART1_IRQHandler
    startup_stm32f103xb.o(.text) refers (Special) to heapauxi.o(.text) for __use_two_region_memory
    startup_stm32f103xb.o(.text) refers to system_stm32f1xx.o(.text.SystemInit) for SystemInit
    startup_stm32f103xb.o(.text) refers to __main.o(!!!main) for __main
    startup_stm32f103xb.o(.text) refers to startup_stm32f103xb.o(HEAP) for Heap_Mem
    startup_stm32f103xb.o(.text) refers to startup_stm32f103xb.o(STACK) for Stack_Mem
    main.o(.text) refers (Special) to _printf_percent.o(.ARM.Collect$$_printf_percent$$00000000) for _printf_percent
    main.o(.text) refers (Special) to _printf_d.o(.ARM.Collect$$_printf_percent$$00000009) for _printf_d
    main.o(.text) refers (Special) to _printf_dec.o(.text) for _printf_int_dec
    main.o(.text) refers (Special) to _scanf_int.o(.text) for _scanf_int
    main.o(.text.main) refers (Special) to _printf_percent.o(.ARM.Collect$$_printf_percent$$00000000) for _printf_percent
    main.o(.text.main) refers (Special) to _printf_d.o(.ARM.Collect$$_printf_percent$$00000009) for _printf_d
    main.o(.text.main) refers (Special) to _printf_dec.o(.text) for _printf_int_dec
    main.o(.text.main) refers (Special) to _scanf_int.o(.text) for _scanf_int
    main.o(.text.main) refers to stm32f1xx_hal.o(.text.HAL_Init) for HAL_Init
    main.o(.text.main) refers to rt_memclr_w.o(.text) for __aeabi_memclr4
    main.o(.text.main) refers to stm32f1xx_hal_rcc.o(.text.HAL_RCC_OscConfig) for HAL_RCC_OscConfig
    main.o(.text.main) refers to stm32f1xx_hal_rcc.o(.text.HAL_RCC_ClockConfig) for HAL_RCC_ClockConfig
    main.o(.text.main) refers to stm32f1xx_hal_rcc_ex.o(.text.HAL_RCCEx_PeriphCLKConfig) for HAL_RCCEx_PeriphCLKConfig
    main.o(.text.main) refers to stm32f1xx_hal_gpio.o(.text.HAL_GPIO_WritePin) for HAL_GPIO_WritePin
    main.o(.text.main) refers to stm32f1xx_hal_gpio.o(.text.HAL_GPIO_Init) for HAL_GPIO_Init
    main.o(.text.main) refers to main.o(.bss..L_MergedGlobals) for .L_MergedGlobals
    main.o(.text.main) refers to stm32f1xx_hal_adc.o(.text.HAL_ADC_Init) for HAL_ADC_Init
    main.o(.text.main) refers to stm32f1xx_hal_adc.o(.text.HAL_ADC_ConfigChannel) for HAL_ADC_ConfigChannel
    main.o(.text.main) refers to main.o(.bss.htim2) for htim2
    main.o(.text.main) refers to stm32f1xx_hal_tim.o(.text.HAL_TIM_PWM_Init) for HAL_TIM_PWM_Init
    main.o(.text.main) refers to stm32f1xx_hal_tim_ex.o(.text.HAL_TIMEx_MasterConfigSynchronization) for HAL_TIMEx_MasterConfigSynchronization
    main.o(.text.main) refers to stm32f1xx_hal_tim.o(.text.HAL_TIM_PWM_ConfigChannel) for HAL_TIM_PWM_ConfigChannel
    main.o(.text.main) refers to stm32f1xx_hal_msp.o(.text.HAL_TIM_MspPostInit) for HAL_TIM_MspPostInit
    main.o(.text.main) refers to main.o(.bss.htim3) for htim3
    main.o(.text.main) refers to main.o(.bss.husart1) for husart1
    main.o(.text.main) refers to stm32f1xx_hal_usart.o(.text.HAL_USART_Init) for HAL_USART_Init
    main.o(.text.main) refers to stm32f1xx_hal_usart.o(.text.HAL_USART_Receive_IT) for HAL_USART_Receive_IT
    main.o(.text.main) refers to main.o(.text.process_command) for process_command
    main.o(.ARM.exidx.text.main) refers (Special) to _printf_percent.o(.ARM.Collect$$_printf_percent$$00000000) for _printf_percent
[...]
    ../clib/scanf.c                          0x00000000   Number         0  _chval.o ABSOLUTE
    ../clib/scanf.c                          0x00000000   Number         0  scanf_char.o ABSOLUTE
    ../clib/scanf.c                          0x00000000   Number         0  _sgetc.o ABSOLUTE
    ../clib/scanf.c                          0x00000000   Number         0  _scanf.o ABSOLUTE
    ../clib/signal.c                         0x00000000   Number         0  defsig_rtred_outer.o ABSOLUTE
    ../clib/signal.c                         0x00000000   Number         0  defsig_rtred_formal.o ABSOLUTE
    ../clib/signal.c                         0x00000000   Number         0  defsig_exit.o ABSOLUTE
    ../clib/signal.c                         0x00000000   Number         0  defsig_rtred_inner.o ABSOLUTE
    ../clib/signal.c                         0x00000000   Number         0  __raise.o ABSOLUTE
    ../clib/signal.c                         0x00000000   Number         0  defsig_general.o ABSOLUTE
    ../clib/signal.c                         0x00000000   Number         0  defsig_rtmem_outer.o ABSOLUTE
    ../clib/signal.c                         0x00000000   Number         0  defsig_rtmem_formal.o ABSOLUTE
    ../clib/signal.c                         0x00000000   Number         0  defsig_rtmem_inner.o ABSOLUTE
    ../clib/signal.c                         0x00000000   Number         0  defsig_abrt_inner.o ABSOLUTE
    ../clib/signal.c                         0x00000000   Number         0  defsig_fpe_inner.o ABSOLUTE
    ../clib/signal.c                         0x00000000   Number         0  defsig_stak_inner.o ABSOLUTE
    ../clib/signal.c                         0x00000000   Number         0  defsig_pvfn_inner.o ABSOLUTE
    ../clib/signal.c                         0x00000000   Number         0  defsig_cppl_inner.o ABSOLUTE
    ../clib/signal.c                         0x00000000   Number         0  defsig_segv_inner.o ABSOLUTE
    ../clib/signal.c                         0x00000000   Number         0  defsig_other.o ABSOLUTE
    ../clib/signal.s                         0x00000000   Number         0  defsig.o ABSOLUTE
    ../clib/stdio.c                          0x00000000   Number         0  puts.o ABSOLUTE
    ../clib/stdio.c                          0x00000000   Number         0  fputc.o ABSOLUTE
    ../clib/stdio.c                          0x00000000   Number         0  stdio_streams.o ABSOLUTE
    ../clib/stdio.c                          0x00000000   Number         0  fputc_locked.o ABSOLUTE
    ../clib/stdio.c                          0x00000000   Number         0  ferror.o ABSOLUTE
    ../clib/stdio.c                          0x00000000   Number         0  flsbuf.o ABSOLUTE
    ../clib/stdio.c                          0x00000000   Number         0  initio.o ABSOLUTE
    ../clib/stdio.c                          0x00000000   Number         0  ferror_locked.o ABSOLUTE
    ../clib/stdio.c                          0x00000000   Number         0  initio_locked.o ABSOLUTE
    ../clib/stdio.c                          0x00000000   Number         0  setvbuf.o ABSOLUTE
    ../clib/stdio.c                          0x00000000   Number         0  stdio.o ABSOLUTE
    ../clib/stdio.c                          0x00000000   Number         0  fwritefast.o ABSOLUTE
    ../clib/stdio.c                          0x00000000   Number         0  streamlock.o ABSOLUTE
    ../clib/stdio.c                          0x00000000   Number         0  fopen.o ABSOLUTE
    ../clib/stdio.c                          0x00000000   Number         0  fclose.o ABSOLUTE
    ../clib/stdio.c                          0x00000000   Number         0  puts_locked.o ABSOLUTE
    ../clib/stdio.c                          0x00000000   Number         0  setvbuf_locked.o ABSOLUTE
    ../clib/stdio.c                          0x00000000   Number         0  fopen_locked.o ABSOLUTE
    ../clib/stdio.c                          0x00000000   Number         0  fwritefast_locked.o ABSOLUTE
    ../clib/stdio.c                          0x00000000   Number         0  fflush.o ABSOLUTE
    ../clib/stdio.c                          0x00000000   Number         0  fputs.o ABSOLUTE
    ../clib/stdio.c                          0x00000000   Number         0  fseek.o ABSOLUTE
    ../clib/stdio.c                          0x00000000   Number         0  fputs_locked.o ABSOLUTE
    ../clib/stdio.c                          0x00000000   Number         0  fflush_locked.o ABSOLUTE
    ../clib/stdio.c                          0x00000000   Number         0  ftell.o ABSOLUTE
    ../clib/stdlib.c                         0x00000000   Number         0  exit.o ABSOLUTE
    ../clib/string.c                         0x00000000   Number         0  strlen.o ABSOLUTE
    ../clib/wchar.c                          0x00000000   Number         0  flsbuf_fwide.o ABSOLUTE
    ../fplib/fpinit.s                        0x00000000   Number         0  fpinit.o ABSOLUTE
    ../fplib/fpinit_empty.s                  0x00000000   Number         0  fpinit_empty.o ABSOLUTE
    dc.s                                     0x00000000   Number         0  dc.o ABSOLUTE
    main.c                                   0x00000000   Number         0  main.o ABSOLUTE
    startup_stm32f103xb.s                    0x00000000   Number         0  startup_stm32f103xb.o ABSOLUTE
    stm32f1xx_hal.c                          0x00000000   Number         0  stm32f1xx_hal.o ABSOLUTE
    stm32f1xx_hal_adc.c                      0x00000000   Number         0  stm32f1xx_hal_adc.o ABSOLUTE
    stm32f1xx_hal_adc_ex.c                   0x00000000   Number         0  stm32f1xx_hal_adc_ex.o ABSOLUTE
    stm32f1xx_hal_cortex.c                   0x00000000   Number         0  stm32f1xx_hal_cortex.o ABSOLUTE
    stm32f1xx_hal_dma.c                      0x00000000   Number         0  stm32f1xx_hal_dma.o ABSOLUTE
    stm32f1xx_hal_exti.c                     0x00000000   Number         0  stm32f1xx_hal_exti.o ABSOLUTE
    stm32f1xx_hal_flash.c                    0x00000000   Number         0  stm32f1xx_hal_flash.o ABSOLUTE
    stm32f1xx_hal_flash_ex.c                 0x00000000   Number         0  stm32f1xx_hal_flash_ex.o ABSOLUTE
    stm32f1xx_hal_gpio.c                     0x00000000   Number         0  stm32f1xx_hal_gpio.o ABSOLUTE
    stm32f1xx_hal_gpio_ex.c                  0x00000000   Number         0  stm32f1xx_hal_gpio_ex.o ABSOLUTE
    stm32f1xx_hal_msp.c                      0x00000000   Number         0  stm32f1xx_hal_msp.o ABSOLUTE
    stm32f1xx_hal_pwr.c                      0x00000000   Number         0  stm32f1xx_hal_pwr.o ABSOLUTE
    stm32f1xx_hal_rcc.c                      0x00000000   Number         0  stm32f1xx_hal_rcc.o ABSOLUTE
    stm32f1xx_hal_rcc_ex.c                   0x00000000   Number         0  stm32f1xx_hal_rcc_ex.o ABSOLUTE
    stm32f1xx_hal_tim.c                      0x00000000   Number         0  stm32f1xx_hal_tim.o ABSOLUTE
    stm32f1xx_hal_tim_ex.c                   0x00000000   Number         0  stm32f1xx_hal_tim_ex.o ABSOLUTE
    stm32f1xx_hal_usart.c                    0x00000000   Number         0  stm32f1xx_hal_usart.o ABSOLUTE
    stm32f1xx_it.c                           0x00000000   Number         0  stm32f1xx_it.o ABSOLUTE
    system_stm32f1xx.c                       0x00000000   Number         0  system_stm32f1xx.o ABSOLUTE
    RESET                                    0x08000000   Section      236  startup_stm32f103xb.o(RESET)
    !!!main                                  0x080000ec   Section        8  __main.o(!!!main)
    !!!scatter                               0x080000f4   Section       92  __scatter.o(!!!scatter)
    !!handler_copy                           0x08000150   Section       26  __scatter_copy.o(!!handler_copy)
    !!handler_null                           0x0800016c   Section        2  __scatter.o(!!handler_null)
    !!handler_zi                             0x08000170   Section       28  __scatter_zi.o(!!handler_zi)
    .ARM.Collect$$_printf_percent$$00000000  0x0800018c   Section        0  _printf_percent.o(.ARM.Collect$$_printf_percent$$00000000)
    .ARM.Collect$$_printf_percent$$00000009  0x0800018c   Section        6  _printf_d.o(.ARM.Collect$$_printf_percent$$00000009)
    .ARM.Collect$$_printf_percent$$00000017  0x08000192   Section        4  _printf_percent_end.o(.ARM.Collect$$_printf_percent$$00000017)
    .ARM.Collect$$libinit$$00000000          0x08000196   Section        2  libinit.o(.ARM.Collect$$libinit$$00000000)
    .ARM.Collect$$libinit$$00000002          0x08000198   Section        0  libinit2.o(.ARM.Collect$$libinit$$00000002)
    .ARM.Collect$$libinit$$00000004          0x08000198   Section        0  libinit2.o(.ARM.Collect$$libinit$$00000004)
    .ARM.Collect$$libinit$$00000006          0x08000198   Section        0  libinit2.o(.ARM.Collect$$libinit$$00000006)
    .ARM.Collect$$libinit$$00000007          0x08000198   Section        8  libinit2.o(.ARM.Collect$$libinit$$00000007)
    .ARM.Collect$$libinit$$0000000C          0x080001a0   Section        0  libinit2.o(.ARM.Collect$$libinit$$0000000C)
    .ARM.Collect$$libinit$$0000000E          0x080001a0   Section        0  libinit2.o(.ARM.Collect$$libinit$$0000000E)
    .ARM.Collect$$libinit$$00000010          0x080001a0   Section        0  libinit2.o(.ARM.Collect$$libinit$$00000010)
    .ARM.Collect$$libinit$$00000011          0x080001a0   Section        6  libinit2.o(.ARM.Collect$$libinit$$00000011)
    .ARM.Collect$$libinit$$00000013          0x080001a6   Section        0  libinit2.o(.ARM.Collect$$libinit$$00000013)
    .ARM.Collect$$libinit$$00000014          0x080001a6   Section       12  libinit2.o(.ARM.Collect$$libinit$$00000014)
    .ARM.Collect$$libinit$$00000015          0x080001b2   Section        0  libinit2.o(.ARM.Collect$$libinit$$00000015)
    .ARM.Collect$$libinit$$00000017          0x080001b2   Section        0  libinit2.o(.ARM.Collect$$libinit$$00000017)
    .ARM.Collect$$libinit$$00000019          0x080001b2   Section        0  libinit2.o(.ARM.Collect$$libinit$$00000019)
    .ARM.Collect$$libinit$$0000001B          0x080001b2   Section        0  libinit2.o(.ARM.Collect$$libinit$$0000001B)
    .ARM.Collect$$libinit$$0000001D          0x080001b2   Section        0  libinit2.o(.ARM.Collect$$libinit$$0000001D)
    .ARM.Collect$$libinit$$0000001F          0x080001b2   Section        0  libinit2.o(.ARM.Collect$$libinit$$0000001F)
    .ARM.Collect$$libinit$$00000021          0x080001b2   Section        0  libinit2.o(.ARM.Collect$$libinit$$00000021)
    .ARM.Collect$$libinit$$00000023          0x080001b2   Section        0  libinit2.o(.ARM.Collect$$libinit$$00000023)
    .ARM.Collect$$libinit$$00000025          0x080001b2   Section        0  libinit2.o(.ARM.Collect$$libinit$$00000025)
    .ARM.Collect$$libinit$$00000026          0x080001b2   Section        4  libinit2.o(.ARM.Collect$$libinit$$00000026)
    .ARM.Collect$$libinit$$00000027          0x080001b6   Section        0  libinit2.o(.ARM.Collect$$libinit$$00000027)
    .ARM.Collect$$libinit$$0000002E          0x080001b6   Section        0  libinit2.o(.ARM.Collect$$libinit$$0000002E)
    .ARM.Collect$$libinit$$00000030          0x080001b6   Section        0  libinit2.o(.ARM.Collect$$libinit$$00000030)
    .ARM.Collect$$libinit$$00000032          0x080001b6   Section        0  libinit2.o(.ARM.Collect$$libinit$$00000032)
    .ARM.Collect$$libinit$$00000034          0x080001b6   Section        0  libinit2.o(.ARM.Collect$$libinit$$00000034)
    .ARM.Collect$$libinit$$00000035          0x080001b6   Section        2  libinit2.o(.ARM.Collect$$libinit$$00000035)
    .ARM.Collect$$libshutdown$$00000000      0x080001b8   Section        2  libshutdown.o(.ARM.Collect$$libshutdown$$00000000)
    .ARM.Collect$$libshutdown$$00000002      0x080001ba   Section        0  libshutdown2.o(.ARM.Collect$$libshutdown$$00000002)
    .ARM.Collect$$libshutdown$$00000003      0x080001ba   Section        4  libshutdown2.o(.ARM.Collect$$libshutdown$$00000003)
    .ARM.Collect$$libshutdown$$00000004      0x080001be   Section        0  libshutdown2.o(.ARM.Collect$$libshutdown$$00000004)
    .ARM.Collect$$libshutdown$$00000007      0x080001be   Section        0  libshutdown2.o(.ARM.Collect$$libshutdown$$00000007)
    .ARM.Collect$$libshutdown$$0000000A      0x080001be   Section        0  libshutdown2.o(.ARM.Collect$$libshutdown$$0000000A)
    .ARM.Collect$$libshutdown$$0000000C      0x080001be   Section        0  libshutdown2.o(.ARM.Collect$$libshutdown$$0000000C)
    .ARM.Collect$$libshutdown$$0000000F      0x080001be   Section        0  libshutdown2.o(.ARM.Collect$$libshutdown$$0000000F)
    .ARM.Collect$$libshutdown$$00000010      0x080001be   Section        2  libshutdown2.o(.ARM.Collect$$libshutdown$$00000010)
    .ARM.Collect$$rtentry$$00000000          0x080001c0   Section        0  __rtentry.o(.ARM.Collect$$rtentry$$00000000)
    .ARM.Collect$$rtentry$$00000002          0x080001c0   Section        0  __rtentry2.o(.ARM.Collect$$rtentry$$00000002)
    .ARM.Collect$$rtentry$$00000004          0x080001c0   Section        6  __rtentry4.o(.ARM.Collect$$rtentry$$00000004)
    .ARM.Collect$$rtentry$$00000009          0x080001c6   Section        0  __rtentry2.o(.ARM.Collect$$rtentry$$00000009)
    .ARM.Collect$$rtentry$$0000000A          0x080001c6   Section        4  __rtentry2.o(.ARM.Collect$$rtentry$$0000000A)
    .ARM.Collect$$rtentry$$0000000C          0x080001ca   Section        0  __rtentry2.o(.ARM.Collect$$rtentry$$0000000C)
    .ARM.Collect$$rtentry$$0000000D          0x080001ca   Section        8  __rtentry2.o(.ARM.Collect$$rtentry$$0000000D)
    .ARM.Collect$$rtexit$$00000000           0x080001d2   Section        2  rtexit.o(.ARM.Collect$$rtexit$$00000000)
    .ARM.Collect$$rtexit$$00000002           0x080001d4   Section        0  rtexit2.o(.ARM.Collect$$rtexit$$00000002)
    .ARM.Collect$$rtexit$$00000003           0x080001d4   Section        4  rtexit2.o(.ARM.Collect$$rtexit$$00000003)
    .ARM.Collect$$rtexit$$00000004           0x080001d8   Section        6  rtexit2.o(.ARM.Collect$$rtexit$$00000004)
    .text                                    0x080001e0   Section       64  startup_stm32f103xb.o(.text)
    .text                                    0x08000220   Section        0  noretval__2printf.o(.text)
    .text                                    0x08000238   Section        0  __printf.o(.text)
    .text                                    0x080002a0   Section        0  _printf_dec.o(.text)
    .text                                    0x08000318   Section        0  __0sscanf.o(.text)
    .text                                    0x08000354   Section        0  _scanf_int.o(.text)
    .text                                    0x080004a0   Section        0  puts.o(.text)
    .text                                    0x080004cc   Section        0  strlen.o(.text)
    .text                                    0x0800050a   Section       78  rt_memclr_w.o(.text)
    .text                                    0x08000558   Section      128  strcmpv7m.o(.text)
    .text                                    0x080005d8   Section        0  heapauxi.o(.text)
    .text                                    0x080005de   Section        0  _printf_intcommon.o(.text)
    .text                                    0x08000690   Section        0  _printf_char_file.o(.text)
    .text                                    0x080006b4   Section        0  _chval.o(.text)
    _scanf_char_input                        0x080006d1   Thumb Code    12  scanf_char.o(.text)
    .text                                    0x080006d0   Section        0  scanf_char.o(.text)
    .text                                    0x080006fc   Section        0  _sgetc.o(.text)
    .text                                    0x0800073c   Section        0  isspace.o(.text)
    _printf_input_char                       0x08000751   Thumb Code    10  _printf_char_common.o(.text)
    .text                                    0x08000750   Section        0  _printf_char_common.o(.text)
    .text                                    0x08000780   Section        0  _scanf.o(.text)
    .text                                    0x08000af4   Section        0  ferror.o(.text)
    .text                                    0x08000afc   Section        0  flsbuf.o(.text)
    .text                                    0x08000ce0   Section        0  initio.o(.text)
    .text                                    0x08000e18   Section        0  sys_io.o(.text)
    .text                                    0x08000e7e   Section       74  sys_stackheap_outer.o(.text)
    .text                                    0x08000ec8   Section       16  rt_ctype_table.o(.text)
    .text                                    0x08000ed8   Section        0  h1_alloc.o(.text)
    .text                                    0x08000f36   Section        0  h1_free.o(.text)
    .text                                    0x08000f84   Section        0  setvbuf.o(.text)
    .text                                    0x08000fcc   Section        0  stdio.o(.text)
    _freopen_locked                          0x080010d5   Thumb Code     0  fopen.o(.text)
    .text                                    0x080010d4   Section        0  fopen.o(.text)
    .text                                    0x080011c4   Section        0  fclose.o(.text)
    .text                                    0x08001210   Section        0  exit.o(.text)
    .text                                    0x08001222   Section        0  defsig_rtred_outer.o(.text)
    .text                                    0x08001230   Section        8  libspace.o(.text)
    .text                                    0x08001238   Section        2  use_no_semi.o(.text)
    .text                                    0x0800123a   Section        0  indicate_semi.o(.text)
    .text                                    0x0800123c   Section        8  rt_heap_descriptor_intlibspace.o(.text)
    .text                                    0x08001244   Section        8  rt_locale_intlibspace.o(.text)
    .text                                    0x0800124c   Section        0  hguard.o(.text)
    .text                                    0x08001250   Section        0  init_alloc.o(.text)
    .text                                    0x080012da   Section        0  h1_init.o(.text)
    .text                                    0x080012e8   Section        0  fseek.o(.text)
    .text                                    0x080013e0   Section        0  defsig_exit.o(.text)
    .text                                    0x080013ec   Section        0  defsig_rtred_inner.o(.text)
    .text                                    0x08001420   Section        0  sys_exit.o(.text)
    .text                                    0x0800142c   Section        0  maybetermalloc1.o(.text)
    .text                                    0x0800142c   Section        0  h1_extend.o(.text)
    .text                                    0x08001460   Section        0  ftell.o(.text)
    .text                                    0x080014a2   Section        0  defsig_general.o(.text)
    .text                                    0x080014d4   Section        0  defsig_rtmem_outer.o(.text)
    .text                                    0x080014e2   Section        0  sys_wrch.o(.text)
    .text                                    0x080014f0   Section        8  rt_errno_addr_intlibspace.o(.text)
    .text                                    0x080014f8   Section        0  defsig_rtmem_inner.o(.text)
    [Anonymous Symbol]                       0x08001548   Section        0  stm32f1xx_it.o(.text.BusFault_Handler)
    [Anonymous Symbol]                       0x0800154c   Section        0  stm32f1xx_it.o(.text.DebugMon_Handler)
    [Anonymous Symbol]                       0x08001550   Section        0  stm32f1xx_hal_adc.o(.text.HAL_ADC_ConfigChannel)
    [Anonymous Symbol]                       0x080016c8   Section        0  stm32f1xx_hal_adc.o(.text.HAL_ADC_Init)
    [Anonymous Symbol]                       0x08001828   Section        0  stm32f1xx_hal_msp.o(.text.HAL_ADC_MspInit)
    [Anonymous Symbol]                       0x0800188c   Section        0  stm32f1xx_hal_dma.o(.text.HAL_DMA_Abort_IT)
    [Anonymous Symbol]                       0x08001940   Section        0  stm32f1xx_hal_gpio.o(.text.HAL_GPIO_Init)
    [Anonymous Symbol]                       0x08001b50   Section        0  stm32f1xx_hal_gpio.o(.text.HAL_GPIO_WritePin)
    [Anonymous Symbol]                       0x08001b5c   Section        0  stm32f1xx_hal.o(.text.HAL_GetTick)
    [Anonymous Symbol]                       0x08001b68   Section        0  stm32f1xx_hal.o(.text.HAL_IncTick)
    [Anonymous Symbol]                       0x08001b84   Section        0  stm32f1xx_hal.o(.text.HAL_Init)
    [Anonymous Symbol]                       0x08001bac   Section        0  stm32f1xx_hal.o(.text.HAL_InitTick)
    [Anonymous Symbol]                       0x08001bf4   Section        0  stm32f1xx_hal_msp.o(.text.HAL_MspInit)
    [Anonymous Symbol]                       0x08001c38   Section        0  stm32f1xx_hal_cortex.o(.text.HAL_NVIC_EnableIRQ)
    [Anonymous Symbol]                       0x08001c5c   Section        0  stm32f1xx_hal_cortex.o(.text.HAL_NVIC_SetPriority)
    [Anonymous Symbol]                       0x08001cb4   Section        0  stm32f1xx_hal_cortex.o(.text.HAL_NVIC_SetPriorityGrouping)
    [Anonymous Symbol]                       0x08001cd4   Section        0  stm32f1xx_hal_rcc_ex.o(.text.HAL_RCCEx_PeriphCLKConfig)
    [Anonymous Symbol]                       0x08001dd8   Section        0  stm32f1xx_hal_rcc.o(.text.HAL_RCC_ClockConfig)
    [Anonymous Symbol]                       0x08001f9c   Section        0  stm32f1xx_hal_rcc.o(.text.HAL_RCC_GetPCLK1Freq)
    [Anonymous Symbol]                       0x08001fc4   Section        0  stm32f1xx_hal_rcc.o(.text.HAL_RCC_GetPCLK2Freq)
    [Anonymous Symbol]                       0x08001fec   Section        0  stm32f1xx_hal_rcc.o(.text.HAL_RCC_OscConfig)
    [Anonymous Symbol]                       0x080023ec   Section        0  stm32f1xx_hal_cortex.o(.text.HAL_SYSTICK_Config)
    [Anonymous Symbol]                       0x08002418   Section        0  stm32f1xx_hal_tim_ex.o(.text.HAL_TIMEx_MasterConfigSynchronization)
    [Anonymous Symbol]                       0x08002498   Section        0  stm32f1xx_hal_msp.o(.text.HAL_TIM_MspPostInit)
    [Anonymous Symbol]                       0x08002570   Section        0  stm32f1xx_hal_tim.o(.text.HAL_TIM_PWM_ConfigChannel)
    [Anonymous Symbol]                       0x08002770   Section        0  stm32f1xx_hal_tim.o(.text.HAL_TIM_PWM_Init)
    [Anonymous Symbol]                       0x0800285c   Section        0  stm32f1xx_hal_msp.o(.text.HAL_TIM_PWM_MspInit)
    [Anonymous Symbol]                       0x080028b0   Section        0  stm32f1xx_hal_usart.o(.text.HAL_USART_ErrorCallback)
    [Anonymous Symbol]                       0x080028b4   Section        0  stm32f1xx_hal_usart.o(.text.HAL_USART_IRQHandler)
    [Anonymous Symbol]                       0x08002b70   Section        0  stm32f1xx_hal_usart.o(.text.HAL_USART_Init)
    [Anonymous Symbol]                       0x08002c60   Section        0  stm32f1xx_hal_msp.o(.text.HAL_USART_MspInit)
    [Anonymous Symbol]                       0x08002cec   Section        0  stm32f1xx_hal_usart.o(.text.HAL_USART_Receive_IT)
    [Anonymous Symbol]                       0x08002d4c   Section        0  stm32f1xx_hal_usart.o(.text.HAL_USART_RxCpltCallback)
    [Anonymous Symbol]                       0x08002d50   Section        0  stm32f1xx_hal_usart.o(.text.HAL_USART_TxCpltCallback)
    [Anonymous Symbol]                       0x08002d54   Section        0  stm32f1xx_hal_usart.o(.text.HAL_USART_TxRxCpltCallback)
    [Anonymous Symbol]                       0x08002d58   Section        0  stm32f1xx_it.o(.text.HardFault_Handler)
    [Anonymous Symbol]                       0x08002d5c   Section        0  stm32f1xx_it.o(.text.MemManage_Handler)
    [Anonymous Symbol]                       0x08002d60   Section        0  stm32f1xx_it.o(.text.NMI_Handler)
    [Anonymous Symbol]                       0x08002d64   Section        0  stm32f1xx_it.o(.text.PendSV_Handler)
    [Anonymous Symbol]                       0x08002d68   Section        0  stm32f1xx_it.o(.text.SVC_Handler)
    [Anonymous Symbol]                       0x08002d6c   Section        0  stm32f1xx_it.o(.text.SysTick_Handler)
    [Anonymous Symbol]                       0x08002d70   Section        0  system_stm32f1xx.o(.text.SystemInit)
    [Anonymous Symbol]                       0x08002d74   Section        0  stm32f1xx_it.o(.text.USART1_IRQHandler)
    USART_DMAAbortOnError                    0x08002d81   Thumb Code    12  stm32f1xx_hal_usart.o(.text.USART_DMAAbortOnError)
    [Anonymous Symbol]                       0x08002d80   Section        0  stm32f1xx_hal_usart.o(.text.USART_DMAAbortOnError)
    USART_TransmitReceive_IT                 0x08002d8d   Thumb Code   196  stm32f1xx_hal_usart.o(.text.USART_TransmitReceive_IT)
    [Anonymous Symbol]                       0x08002d8c   Section        0  stm32f1xx_hal_usart.o(.text.USART_TransmitReceive_IT)
    [Anonymous Symbol]                       0x08002e50   Section        0  stm32f1xx_it.o(.text.UsageFault_Handler)
    [Anonymous Symbol]                       0x08002e54   Section        0  main.o(.text.main)
    [Anonymous Symbol]                       0x0800319c   Section        0  main.o(.text.process_command)
    i.fputc                                  0x080032fa   Section        0  fputc.o(i.fputc)
    locale$$code                             0x08003318   Section       44  lc_ctype_c.o(locale$$code)
    .constdata                               0x08003344   Section        4  sys_io_names.o(.constdata)
    .constdata                               0x08003348   Section        4  sys_io_names.o(.constdata)
    .constdata                               0x0800334c   Section        4  sys_io_names.o(.constdata)
    HAL_RCC_GetSysClockFreq.aPredivFactorTable 0x08003368   Data           2  stm32f1xx_hal_rcc.o(.rodata.HAL_RCC_GetSysClockFreq.aPredivFactorTable)
    [Anonymous Symbol]                       0x08003368   Section        0  stm32f1xx_hal_rcc.o(.rodata.HAL_RCC_GetSysClockFreq.aPredivFactorTable)
    HAL_RCC_GetSysClockFreq.aPLLMULFactorTable 0x0800336a   Data          16  stm32f1xx_hal_rcc.o(.rodata.cst16)
    [Anonymous Symbol]                       0x0800336a   Section        0  stm32f1xx_hal_rcc.o(.rodata.cst16)
    .L.str.1                                 0x0800337a   Data          33  main.o(.rodata.str1.1)
    [Anonymous Symbol]                       0x0800337a   Section        0  main.o(.rodata.str1.1)
    .L.str.13                                0x0800339b   Data           6  main.o(.rodata.str1.1)
    .L.str.4                                 0x080033a1   Data           6  main.o(.rodata.str1.1)
    .L.str.11                                0x080033a7   Data           5  main.o(.rodata.str1.1)
    .L.str.2                                 0x080033ac   Data           5  main.o(.rodata.str1.1)
    .L.str.6                                 0x080033b1   Data           7  main.o(.rodata.str1.1)
    .L.str.8                                 0x080033b8   Data           8  main.o(.rodata.str1.1)
    .L.str                                   0x080033c0   Data          15  main.o(.rodata.str1.1)
    .Lstr.15                                 0x080033cf   Data          18  main.o(.rodata.str1.1)
    .Lstr.20                                 0x080033e1   Data          14  main.o(.rodata.str1.1)
    .Lstr.18                                 0x080033ef   Data          20  main.o(.rodata.str1.1)
    .Lstr                                    0x08003403   Data          21  main.o(.rodata.str1.1)
    .Lstr.19                                 0x08003418   Data          17  main.o(.rodata.str1.1)
    .Lstr.16                                 0x08003429   Data          27  main.o(.rodata.str1.1)
    .Lstr.17                                 0x08003444   Data          27  main.o(.rodata.str1.1)
    locale$$data                             0x08003480   Section      272  lc_ctype_c.o(locale$$data)
    __lcctype_c_name                         0x08003484   Data           2  lc_ctype_c.o(locale$$data)
    __lcctype_c_start                        0x0800348c   Data           0  lc_ctype_c.o(locale$$data)
    __lcctype_c_end                          0x08003590   Data           0  lc_ctype_c.o(locale$$data)
    .data                                    0x20000000   Section        4  stdio_streams.o(.data)
    .data                                    0x20000004   Section        4  stdio_streams.o(.data)
    .data                                    0x20000008   Section        4  stdio_streams.o(.data)
    .L_MergedGlobals                         0x2000000c   Data           8  stm32f1xx_hal.o(.data..L_MergedGlobals)
    [Anonymous Symbol]                       0x2000000c   Section        0  stm32f1xx_hal.o(.data..L_MergedGlobals)
    .bss                                     0x20000018   Section       84  stdio_streams.o(.bss)
    .bss                                     0x2000006c   Section       84  stdio_streams.o(.bss)
    .bss                                     0x200000c0   Section       84  stdio_streams.o(.bss)
    .bss                                     0x20000114   Section       96  libspace.o(.bss)
    .L_MergedGlobals                         0x20000174   Data          80  main.o(.bss..L_MergedGlobals)
    [Anonymous Symbol]                       0x20000174   Section        0  main.o(.bss..L_MergedGlobals)
    Heap_Mem                                 0x200002a0   Data         512  startup_stm32f103xb.o(HEAP)
    HEAP                                     0x200002a0   Section      512  startup_stm32f103xb.o(HEAP)
    Stack_Mem                                0x200004a0   Data        1024  startup_stm32f103xb.o(STACK)
    STACK                                    0x200004a0   Section     1024  startup_stm32f103xb.o(STACK)
    __initial_sp                             0x200008a0   Data           0  startup_stm32f103xb.o(STACK)

    Global Symbols

    Symbol Name                              Value     Ov Type        Size  Object(Section)

    BuildAttributes$$THM_ISAv4$P$D$K$B$S$PE$A:L22UL41UL21$X:L11$S22US41US21$IEEE1$IW$~IW$USESV6$~STKCKD$USESV7$~SHL$OTIME$ROPI$EBA8$UX$STANDARDLIB$REQ8$PRES8$EABIv2 0x00000000   Number         0  anon$$obj.o ABSOLUTE
    __fp_init_empty                          0x00000000   Number         0  fpinit_empty.o ABSOLUTE
    __ARM_exceptions_init                     - Undefined Weak Reference
    __alloca_initialize                       - Undefined Weak Reference
    __arm_preinit_                            - Undefined Weak Reference
    __arm_relocate_pie_                       - Undefined Weak Reference
    __cpp_initialize__aeabi_                  - Undefined Weak Reference
    __cxa_finalize                            - Undefined Weak Reference
    __sigvec_lookup                           - Undefined Weak Reference
    __user_heap_extent                        - Undefined Weak Reference
    _atexit_init                              - Undefined Weak Reference
    _call_atexit_fns                          - Undefined Weak Reference
    _clock_init                               - Undefined Weak Reference
    _fp_trap_init                             - Undefined Weak Reference
    _fp_trap_shutdown                         - Undefined Weak Reference
    _get_lc_collate                           - Undefined Weak Reference
    _get_lc_monetary                          - Undefined Weak Reference
    _get_lc_numeric                           - Undefined Weak Reference
    _get_lc_time                              - Undefined Weak Reference
    _getenv_init                              - Undefined Weak Reference
    _handle_redirection                       - Undefined Weak Reference
    _mutex_acquire                            - Undefined Weak Reference
    _mutex_free                               - Undefined Weak Reference
    _mutex_release                            - Undefined Weak Reference
    _printf_post_padding                      - Undefined Weak Reference
    _printf_pre_padding                       - Undefined Weak Reference
    _printf_truncate_signed                   - Undefined Weak Reference
    _printf_truncate_unsigned                 - Undefined Weak Reference
    _rand_init                                - Undefined Weak Reference
    _scanf_longlong                           - Undefined Weak Reference
    _scanf_mbtowc                             - Undefined Weak Reference
    _scanf_real                               - Undefined Weak Reference
    _scanf_string                             - Undefined Weak Reference
    _scanf_wctomb                             - Undefined Weak Reference
    _scanf_wstring                            - Undefined Weak Reference
    _signal_finish                            - Undefined Weak Reference
    _signal_init                              - Undefined Weak Reference
    __Vectors_Size                           0x000000ec   Number         0  startup_stm32f103xb.o ABSOLUTE
    __Vectors                                0x08000000   Data           4  startup_stm32f103xb.o(RESET)
    __Vectors_End                            0x080000ec   Data           0  startup_stm32f103xb.o(RESET)
    __main                                   0x080000ed   Thumb Code     8  __main.o(!!!main)
    __scatterload                            0x080000f5   Thumb Code     0  __scatter.o(!!!scatter)
    __scatterload_rt2                        0x080000f5   Thumb Code    84  __scatter.o(!!!scatter)
    __scatterload_rt2_thumb_only             0x080000f5   Thumb Code     0  __scatter.o(!!!scatter)
    __scatterload_loop                       0x080000ff   Thumb Code     0  __scatter.o(!!!scatter)
    __scatterload_copy                       0x08000151   Thumb Code    26  __scatter_copy.o(!!handler_copy)
    __scatterload_null                       0x0800016d   Thumb Code     2  __scatter.o(!!handler_null)
    __scatterload_zeroinit                   0x08000171   Thumb Code    28  __scatter_zi.o(!!handler_zi)
    _printf_d                                0x0800018d   Thumb Code     0  _printf_d.o(.ARM.Collect$$_printf_percent$$00000009)
    _printf_percent                          0x0800018d   Thumb Code     0  _printf_percent.o(.ARM.Collect$$_printf_percent$$00000000)
    _printf_percent_end                      0x08000193   Thumb Code     0  _printf_percent_end.o(.ARM.Collect$$_printf_percent$$00000017)
    __rt_lib_init                            0x08000197   Thumb Code     0  libinit.o(.ARM.Collect$$libinit$$00000000)
    __rt_lib_init_fp_1                       0x08000199   Thumb Code     0  libinit2.o(.ARM.Collect$$libinit$$00000002)
    __rt_lib_init_heap_2                     0x08000199   Thumb Code     0  libinit2.o(.ARM.Collect$$libinit$$00000007)
    __rt_lib_init_preinit_1                  0x08000199   Thumb Code     0  libinit2.o(.ARM.Collect$$libinit$$00000006)
    __rt_lib_init_relocate_pie_1             0x08000199   Thumb Code     0  libinit2.o(.ARM.Collect$$libinit$$00000004)
    __rt_lib_init_heap_1                     0x080001a1   Thumb Code     0  libinit2.o(.ARM.Collect$$libinit$$0000000C)
    __rt_lib_init_lc_common                  0x080001a1   Thumb Code     0  libinit2.o(.ARM.Collect$$libinit$$00000011)
    __rt_lib_init_rand_1                     0x080001a1   Thumb Code     0  libinit2.o(.ARM.Collect$$libinit$$00000010)
    __rt_lib_init_user_alloc_1               0x080001a1   Thumb Code     0  libinit2.o(.ARM.Collect$$libinit$$0000000E)
    __rt_lib_init_lc_collate_1               0x080001a7   Thumb Code     0  libinit2.o(.ARM.Collect$$libinit$$00000013)
    __rt_lib_init_lc_ctype_2                 0x080001a7   Thumb Code     0  libinit2.o(.ARM.Collect$$libinit$$00000014)
    __rt_lib_init_atexit_1                   0x080001b3   Thumb Code     0  libinit2.o(.ARM.Collect$$libinit$$0000001D)
    __rt_lib_init_clock_1                    0x080001b3   Thumb Code     0  libinit2.o(.ARM.Collect$$libinit$$00000023)
    __rt_lib_init_fp_trap_1                  0x080001b3   Thumb Code     0  libinit2.o(.ARM.Collect$$libinit$$00000021)
    __rt_lib_init_getenv_1                   0x080001b3   Thumb Code     0  libinit2.o(.ARM.Collect$$libinit$$00000025)
    __rt_lib_init_lc_ctype_1                 0x080001b3   Thumb Code     0  libinit2.o(.ARM.Collect$$libinit$$00000015)
    __rt_lib_init_lc_monetary_1              0x080001b3   Thumb Code     0  libinit2.o(.ARM.Collect$$libinit$$00000017)
    __rt_lib_init_lc_numeric_1               0x080001b3   Thumb Code     0  libinit2.o(.ARM.Collect$$libinit$$00000019)
    __rt_lib_init_lc_time_1                  0x080001b3   Thumb Code     0  libinit2.o(.ARM.Collect$$libinit$$0000001B)
    __rt_lib_init_signal_1                   0x080001b3   Thumb Code     0  libinit2.o(.ARM.Collect$$libinit$$0000001F)
    __rt_lib_init_stdio_2                    0x080001b3   Thumb Code     0  libinit2.o(.ARM.Collect$$libinit$$00000026)
    __rt_lib_init_alloca_1                   0x080001b7   Thumb Code     0  libinit2.o(.ARM.Collect$$libinit$$00000030)
    __rt_lib_init_argv_1                     0x080001b7   Thumb Code     0  libinit2.o(.ARM.Collect$$libinit$$0000002E)
    __rt_lib_init_cpp_1                      0x080001b7   Thumb Code     0  libinit2.o(.ARM.Collect$$libinit$$00000034)
    __rt_lib_init_exceptions_1               0x080001b7   Thumb Code     0  libinit2.o(.ARM.Collect$$libinit$$00000032)
    __rt_lib_init_return                     0x080001b7   Thumb Code     0  libinit2.o(.ARM.Collect$$libinit$$00000035)
    __rt_lib_init_stdio_1                    0x080001b7   Thumb Code     0  libinit2.o(.ARM.Collect$$libinit$$00000027)
    __rt_lib_shutdown                        0x080001b9   Thumb Code     0  libshutdown.o(.ARM.Collect$$libshutdown$$00000000)
    __rt_lib_shutdown_cpp_1                  0x080001bb   Thumb Code     0  libshutdown2.o(.ARM.Collect$$libshutdown$$00000002)
    __rt_lib_shutdown_stdio_2                0x080001bb   Thumb Code     0  libshutdown2.o(.ARM.Collect$$libshutdown$$00000003)
    __rt_lib_shutdown_fp_trap_1              0x080001bf   Thumb Code     0  libshutdown2.o(.ARM.Collect$$libshutdown$$00000007)
    __rt_lib_shutdown_heap_1                 0x080001bf   Thumb Code     0  libshutdown2.o(.ARM.Collect$$libshutdown$$0000000F)
    __rt_lib_shutdown_return                 0x080001bf   Thumb Code     0  libshutdown2.o(.ARM.Collect$$libshutdown$$00000010)
    __rt_lib_shutdown_signal_1               0x080001bf   Thumb Code     0  libshutdown2.o(.ARM.Collect$$libshutdown$$0000000A)
    __rt_lib_shutdown_stdio_1                0x080001bf   Thumb Code     0  libshutdown2.o(.ARM.Collect$$libshutdown$$00000004)
    __rt_lib_shutdown_user_alloc_1           0x080001bf   Thumb Code     0  libshutdown2.o(.ARM.Collect$$libshutdown$$0000000C)
    __rt_entry                               0x080001c1   Thumb Code     0  __rtentry.o(.ARM.Collect$$rtentry$$00000000)
    __rt_entry_presh_1                       0x080001c1   Thumb Code     0  __rtentry2.o(.ARM.Collect$$rtentry$$00000002)
    __rt_entry_sh                            0x080001c1   Thumb Code     0  __rtentry4.o(.ARM.Collect$$rtentry$$00000004)
    __rt_entry_li                            0x080001c7   Thumb Code     0  __rtentry2.o(.ARM.Collect$$rtentry$$0000000A)
    __rt_entry_postsh_1                      0x080001c7   Thumb Code     0  __rtentry2.o(.ARM.Collect$$rtentry$$00000009)
    __rt_entry_main                          0x080001cb   Thumb Code     0  __rtentry2.o(.ARM.Collect$$rtentry$$0000000D)
    __rt_entry_postli_1                      0x080001cb   Thumb Code     0  __rtentry2.o(.ARM.Collect$$rtentry$$0000000C)
    __rt_exit                                0x080001d3   Thumb Code     0  rtexit.o(.ARM.Collect$$rtexit$$00000000)
    __rt_exit_ls                             0x080001d5   Thumb Code     0  rtexit2.o(.ARM.Collect$$rtexit$$00000003)
    __rt_exit_prels_1                        0x080001d5   Thumb Code     0  rtexit2.o(.ARM.Collect$$rtexit$$00000002)
    __rt_exit_exit                           0x080001d9   Thumb Code     0  rtexit2.o(.ARM.Collect$$rtexit$$00000004)
    Reset_Handler                            0x080001e1   Thumb Code     8  startup_stm32f103xb.o(.text)
    ADC1_2_IRQHandler                        0x080001fb   Thumb Code     0  startup_stm32f103xb.o(.text)
    CAN1_RX1_IRQHandler                      0x080001fb   Thumb Code     0  startup_stm32f103xb.o(.text)
    CAN1_SCE_IRQHandler                      0x080001fb   Thumb Code     0  startup_stm32f103xb.o(.text)
    DMA1_Channel1_IRQHandler                 0x080001fb   Thumb Code     0  startup_stm32f103xb.o(.text)
    DMA1_Channel2_IRQHandler                 0x080001fb   Thumb Code     0  startup_stm32f103xb.o(.text)
    DMA1_Channel3_IRQHandler                 0x080001fb   Thumb Code     0  startup_stm32f103xb.o(.text)
    DMA1_Channel4_IRQHandler                 0x080001fb   Thumb Code     0  startup_stm32f103xb.o(.text)
    DMA1_Channel5_IRQHandler                 0x080001fb   Thumb Code     0  startup_stm32f103xb.o(.text)
    DMA1_Channel6_IRQHandler                 0x080001fb   Thumb Code     0  startup_stm32f103xb.o(.text)
    DMA1_Channel7_IRQHandler                 0x080001fb   Thumb Code     0  startup_stm32f103xb.o(.text)
    EXTI0_IRQHandler                         0x080001fb   Thumb Code     0  startup_stm32f103xb.o(.text)
    EXTI15_10_IRQHandler                     0x080001fb   Thumb Code     0  startup_stm32f103xb.o(.text)
    EXTI1_IRQHandler                         0x080001fb   Thumb Code     0  startup_stm32f103xb.o(.text)
    EXTI2_IRQHandler                         0x080001fb   Thumb Code     0  startup_stm32f103xb.o(.text)
    EXTI3_IRQHandler                         0x080001fb   Thumb Code     0  startup_stm32f103xb.o(.text)
    EXTI4_IRQHandler                         0x080001fb   Thumb Code     0  startup_stm32f103xb.o(.text)
    EXTI9_5_IRQHandler                       0x080001fb   Thumb Code     0  startup_stm32f103xb.o(.text)
    FLASH_IRQHandler                         0x080001fb   Thumb Code     0  startup_stm32f103xb.o(.text)
    I2C1_ER_IRQHandler                       0x080001fb   Thumb Code     0  startup_stm32f103xb.o(.text)
    I2C1_EV_IRQHandler                       0x080001fb   Thumb Code     0  startup_stm32f103xb.o(.text)
    I2C2_ER_IRQHandler                       0x080001fb   Thumb Code     0  startup_stm32f103xb.o(.text)
    I2C2_EV_IRQHandler                       0x080001fb   Thumb Code     0  startup_stm32f103xb.o(.text)
    PVD_IRQHandler                           0x080001fb   Thumb Code     0  startup_stm32f103xb.o(.text)
    RCC_IRQHandler                           0x080001fb   Thumb Code     0  startup_stm32f103xb.o(.text)
    RTC_Alarm_IRQHandler                     0x080001fb   Thumb Code     0  startup_stm32f103xb.o(.text)
    RTC_IRQHandler                           0x080001fb   Thumb Code     0  startup_stm32f103xb.o(.text)
    SPI1_IRQHandler                          0x080001fb   Thumb Code     0  startup_stm32f103xb.o(.text)
    SPI2_IRQHandler                          0x080001fb   Thumb Code     0  startup_stm32f103xb.o(.text)
    TAMPER_IRQHandler                        0x080001fb   Thumb Code     0  startup_stm32f103xb.o(.text)
    TIM1_BRK_IRQHandler                      0x080001fb   Thumb Code     0  startup_stm32f103xb.o(.text)
    TIM1_CC_IRQHandler                       0x080001fb   Thumb Code     0  startup_stm32f103xb.o(.text)
    TIM1_TRG_COM_IRQHandler                  0x080001fb   Thumb Code     0  startup_stm32f103xb.o(.text)
    TIM1_UP_IRQHandler                       0x080001fb   Thumb Code     0  startup_stm32f103xb.o(.text)
    TIM2_IRQHandler                          0x080001fb   Thumb Code     0  startup_stm32f103xb.o(.text)
    TIM3_IRQHandler                          0x080001fb   Thumb Code     0  startup_stm32f103xb.o(.text)
    TIM4_IRQHandler                          0x080001fb   Thumb Code     0  startup_stm32f103xb.o(.text)
    USART2_IRQHandler                        0x080001fb   Thumb Code     0  startup_stm32f103xb.o(.text)
    USART3_IRQHandler                        0x080001fb   Thumb Code     0  startup_stm32f103xb.o(.text)
    USBWakeUp_IRQHandler                     0x080001fb   Thumb Code     0  startup_stm32f103xb.o(.text)
    USB_HP_CAN1_TX_IRQHandler                0x080001fb   Thumb Code     0  startup_stm32f103xb.o(.text)
    USB_LP_CAN1_RX0_IRQHandler               0x080001fb   Thumb Code     0  startup_stm32f103xb.o(.text)
    WWDG_IRQHandler                          0x080001fb   Thumb Code     0  startup_stm32f103xb.o(.text)
    __user_initial_stackheap                 0x080001fd   Thumb Code     0  startup_stm32f103xb.o(.text)
    __2printf                                0x08000221   Thumb Code    20  noretval__2printf.o(.text)
    __printf                                 0x08000239   Thumb Code   104  __printf.o(.text)
    _printf_int_dec                          0x080002a1   Thumb Code   104  _printf_dec.o(.text)
    __0sscanf                                0x08000319   Thumb Code    52  __0sscanf.o(.text)
    _scanf_int                               0x08000355   Thumb Code   332  _scanf_int.o(.text)
    puts                                     0x080004a1   Thumb Code    40  puts.o(.text)
    strlen                                   0x080004cd   Thumb Code    62  strlen.o(.text)
    __aeabi_memclr4                          0x0800050b   Thumb Code     0  rt_memclr_w.o(.text)
    __aeabi_memclr8                          0x0800050b   Thumb Code     0  rt_memclr_w.o(.text)
    __rt_memclr_w                            0x0800050b   Thumb Code     0  rt_memclr_w.o(.text)
    _memset_w                                0x0800050f   Thumb Code    74  rt_memclr_w.o(.text)
    strcmp                                   0x08000559   Thumb Code   128  strcmpv7m.o(.text)
    __use_two_region_memory                  0x080005d9   Thumb Code     2  heapauxi.o(.text)
    __rt_heap_escrow                         0x080005db   Thumb Code     2  heapauxi.o(.text)
    __rt_heap_expand                         0x080005dd   Thumb Code     2  heapauxi.o(.text)
    _printf_int_common                       0x080005df   Thumb Code   178  _printf_intcommon.o(.text)
    _printf_char_file                        0x08000691   Thumb Code    32  _printf_char_file.o(.text)
    _chval                                   0x080006b5   Thumb Code    28  _chval.o(.text)
    __vfscanf_char                           0x080006dd   Thumb Code    24  scanf_char.o(.text)
    _sgetc                                   0x080006fd   Thumb Code    30  _sgetc.o(.text)
    _sbackspace                              0x0800071b   Thumb Code    34  _sgetc.o(.text)
    isspace                                  0x0800073d   Thumb Code    18  isspace.o(.text)
    _printf_char_common                      0x0800075b   Thumb Code    32  _printf_char_common.o(.text)
    __vfscanf                                0x08000781   Thumb Code   878  _scanf.o(.text)
    ferror                                   0x08000af5   Thumb Code     8  ferror.o(.text)
    __flsbuf                                 0x08000afd   Thumb Code   482  flsbuf.o(.text)
    __flsbuf_byte                            0x08000afd   Thumb Code     0  flsbuf.o(.text)
    __flsbuf_wide                            0x08000afd   Thumb Code     0  flsbuf.o(.text)
    _initio                                  0x08000ce1   Thumb Code   210  initio.o(.text)
    _terminateio                             0x08000db3   Thumb Code    56  initio.o(.text)
    _sys_open                                0x08000e19   Thumb Code    20  sys_io.o(.text)
    _sys_close                               0x08000e2d   Thumb Code    12  sys_io.o(.text)
    _sys_write                               0x08000e39   Thumb Code    16  sys_io.o(.text)
    _sys_read                                0x08000e49   Thumb Code    14  sys_io.o(.text)
    _sys_istty                               0x08000e57   Thumb Code    12  sys_io.o(.text)
    _sys_seek                                0x08000e63   Thumb Code    14  sys_io.o(.text)
    _sys_ensure                              0x08000e71   Thumb Code     2  sys_io.o(.text)
    _sys_flen                                0x08000e73   Thumb Code    12  sys_io.o(.text)
    __user_setup_stackheap                   0x08000e7f   Thumb Code    74  sys_stackheap_outer.o(.text)
    __rt_ctype_table                         0x08000ec9   Thumb Code    16  rt_ctype_table.o(.text)
    malloc                                   0x08000ed9   Thumb Code    94  h1_alloc.o(.text)
    free                                     0x08000f37   Thumb Code    78  h1_free.o(.text)
    setvbuf                                  0x08000f85   Thumb Code    70  setvbuf.o(.text)
    _seterr                                  0x08000fcd   Thumb Code    20  stdio.o(.text)
    _writebuf                                0x08000fe1   Thumb Code   108  stdio.o(.text)
    _fflush                                  0x0800104d   Thumb Code    70  stdio.o(.text)
    _deferredlazyseek                        0x08001093   Thumb Code    60  stdio.o(.text)
    freopen                                  0x080010d5   Thumb Code   160  fopen.o(.text)
    fopen                                    0x08001175   Thumb Code    74  fopen.o(.text)
    _fclose_internal                         0x080011c5   Thumb Code    76  fclose.o(.text)
    fclose                                   0x080011c5   Thumb Code     0  fclose.o(.text)
    exit                                     0x08001211   Thumb Code    18  exit.o(.text)
    __rt_SIGRTRED                            0x08001223   Thumb Code    14  defsig_rtred_outer.o(.text)
    __user_libspace                          0x08001231   Thumb Code     8  libspace.o(.text)
    __user_perproc_libspace                  0x08001231   Thumb Code     0  libspace.o(.text)
    __user_perthread_libspace                0x08001231   Thumb Code     0  libspace.o(.text)
    __I$use$semihosting                      0x08001239   Thumb Code     0  use_no_semi.o(.text)
    __use_no_semihosting_swi                 0x08001239   Thumb Code     2  use_no_semi.o(.text)
    __semihosting_library_function           0x0800123b   Thumb Code     0  indicate_semi.o(.text)
    __rt_heap_descriptor                     0x0800123d   Thumb Code     8  rt_heap_descriptor_intlibspace.o(.text)
    __rt_locale                              0x08001245   Thumb Code     8  rt_locale_intlibspace.o(.text)
    __use_no_heap                            0x0800124d   Thumb Code     2  hguard.o(.text)
    __heap$guard                             0x0800124f   Thumb Code     2  hguard.o(.text)
    _terminate_user_alloc                    0x08001251   Thumb Code     2  init_alloc.o(.text)
    _init_user_alloc                         0x08001253   Thumb Code     2  init_alloc.o(.text)
    __Heap_Full                              0x08001255   Thumb Code    34  init_alloc.o(.text)
    __Heap_Broken                            0x08001277   Thumb Code     6  init_alloc.o(.text)
    _init_alloc                              0x0800127d   Thumb Code    94  init_alloc.o(.text)
    __Heap_Initialize                        0x080012db   Thumb Code     8  h1_init.o(.text)
    __Heap_DescSize                          0x080012e3   Thumb Code     4  h1_init.o(.text)
    _fseek                                   0x080012e9   Thumb Code   242  fseek.o(.text)
    fseek                                    0x080012e9   Thumb Code     0  fseek.o(.text)
    __sig_exit                               0x080013e1   Thumb Code    10  defsig_exit.o(.text)
    __rt_SIGRTRED_inner                      0x080013ed   Thumb Code    14  defsig_rtred_inner.o(.text)
    _sys_exit                                0x08001421   Thumb Code     8  sys_exit.o(.text)
    __Heap_ProvideMemory                     0x0800142d   Thumb Code    52  h1_extend.o(.text)
    _maybe_terminate_alloc                   0x0800142d   Thumb Code     0  maybetermalloc1.o(.text)
    _ftell_internal                          0x08001461   Thumb Code    66  ftell.o(.text)
    ftell                                    0x08001461   Thumb Code     0  ftell.o(.text)
    __default_signal_display                 0x080014a3   Thumb Code    50  defsig_general.o(.text)
    __rt_SIGRTMEM                            0x080014d5   Thumb Code    14  defsig_rtmem_outer.o(.text)
    _ttywrch                                 0x080014e3   Thumb Code    14  sys_wrch.o(.text)
    __aeabi_errno_addr                       0x080014f1   Thumb Code     8  rt_errno_addr_intlibspace.o(.text)
    __errno$intlibspace                      0x080014f1   Thumb Code     0  rt_errno_addr_intlibspace.o(.text)
    __rt_errno_addr$intlibspace              0x080014f1   Thumb Code     0  rt_errno_addr_intlibspace.o(.text)
    __rt_SIGRTMEM_inner                      0x080014f9   Thumb Code    22  defsig_rtmem_inner.o(.text)
    BusFault_Handler                         0x08001549   Thumb Code     2  stm32f1xx_it.o(.text.BusFault_Handler)
    DebugMon_Handler                         0x0800154d   Thumb Code     2  stm32f1xx_it.o(.text.DebugMon_Handler)
    HAL_ADC_ConfigChannel                    0x08001551   Thumb Code   374  stm32f1xx_hal_adc.o(.text.HAL_ADC_ConfigChannel)
    HAL_ADC_Init                             0x080016c9   Thumb Code   352  stm32f1xx_hal_adc.o(.text.HAL_ADC_Init)
    HAL_ADC_MspInit                          0x08001829   Thumb Code    98  stm32f1xx_hal_msp.o(.text.HAL_ADC_MspInit)
    HAL_DMA_Abort_IT                         0x0800188d   Thumb Code   180  stm32f1xx_hal_dma.o(.text.HAL_DMA_Abort_IT)
    HAL_GPIO_Init                            0x08001941   Thumb Code   526  stm32f1xx_hal_gpio.o(.text.HAL_GPIO_Init)
    HAL_GPIO_WritePin                        0x08001b51   Thumb Code    10  stm32f1xx_hal_gpio.o(.text.HAL_GPIO_WritePin)
    HAL_GetTick                              0x08001b5d   Thumb Code    12  stm32f1xx_hal.o(.text.HAL_GetTick)
    HAL_IncTick                              0x08001b69   Thumb Code    26  stm32f1xx_hal.o(.text.HAL_IncTick)
    HAL_Init                                 0x08001b85   Thumb Code    38  stm32f1xx_hal.o(.text.HAL_Init)
    HAL_InitTick                             0x08001bad   Thumb Code    72  stm32f1xx_hal.o(.text.HAL_InitTick)
    HAL_MspInit                              0x08001bf5   Thumb Code    66  stm32f1xx_hal_msp.o(.text.HAL_MspInit)
    HAL_NVIC_EnableIRQ                       0x08001c39   Thumb Code    34  stm32f1xx_hal_cortex.o(.text.HAL_NVIC_EnableIRQ)
    HAL_NVIC_SetPriority                     0x08001c5d   Thumb Code    86  stm32f1xx_hal_cortex.o(.text.HAL_NVIC_SetPriority)
    HAL_NVIC_SetPriorityGrouping             0x08001cb5   Thumb Code    32  stm32f1xx_hal_cortex.o(.text.HAL_NVIC_SetPriorityGrouping)
    HAL_RCCEx_PeriphCLKConfig                0x08001cd5   Thumb Code   258  stm32f1xx_hal_rcc_ex.o(.text.HAL_RCCEx_PeriphCLKConfig)
    HAL_RCC_ClockConfig                      0x08001dd9   Thumb Code   450  stm32f1xx_hal_rcc.o(.text.HAL_RCC_ClockConfig)
    HAL_RCC_GetPCLK1Freq                     0x08001f9d   Thumb Code    38  stm32f1xx_hal_rcc.o(.text.HAL_RCC_GetPCLK1Freq)
    HAL_RCC_GetPCLK2Freq                     0x08001fc5   Thumb Code    38  stm32f1xx_hal_rcc.o(.text.HAL_RCC_GetPCLK2Freq)
    HAL_RCC_OscConfig                        0x08001fed   Thumb Code  1024  stm32f1xx_hal_rcc.o(.text.HAL_RCC_OscConfig)
    HAL_SYSTICK_Config                       0x080023ed   Thumb Code    44  stm32f1xx_hal_cortex.o(.text.HAL_SYSTICK_Config)
    HAL_TIMEx_MasterConfigSynchronization    0x08002419   Thumb Code   126  stm32f1xx_hal_tim_ex.o(.text.HAL_TIMEx_MasterConfigSynchronization)
    HAL_TIM_MspPostInit                      0x08002499   Thumb Code   214  stm32f1xx_hal_msp.o(.text.HAL_TIM_MspPostInit)
    HAL_TIM_PWM_ConfigChannel                0x08002571   Thumb Code   510  stm32f1xx_hal_tim.o(.text.HAL_TIM_PWM_ConfigChannel)
    HAL_TIM_PWM_Init                         0x08002771   Thumb Code   236  stm32f1xx_hal_tim.o(.text.HAL_TIM_PWM_Init)
    HAL_TIM_PWM_MspInit                      0x0800285d   Thumb Code    82  stm32f1xx_hal_msp.o(.text.HAL_TIM_PWM_MspInit)
    HAL_USART_ErrorCallback                  0x080028b1   Thumb Code     2  stm32f1xx_hal_usart.o(.text.HAL_USART_ErrorCallback)
    HAL_USART_IRQHandler                     0x080028b5   Thumb Code   698  stm32f1xx_hal_usart.o(.text.HAL_USART_IRQHandler)
    HAL_USART_Init                           0x08002b71   Thumb Code   238  stm32f1xx_hal_usart.o(.text.HAL_USART_Init)
    HAL_USART_MspInit                        0x08002c61   Thumb Code   138  stm32f1xx_hal_msp.o(.text.HAL_USART_MspInit)
    HAL_USART_Receive_IT                     0x08002ced   Thumb Code    96  stm32f1xx_hal_usart.o(.text.HAL_USART_Receive_IT)
    HAL_USART_RxCpltCallback                 0x08002d4d   Thumb Code     2  stm32f1xx_hal_usart.o(.text.HAL_USART_RxCpltCallback)
    HAL_USART_TxCpltCallback                 0x08002d51   Thumb Code     2  stm32f1xx_hal_usart.o(.text.HAL_USART_TxCpltCallback)
    HAL_USART_TxRxCpltCallback               0x08002d55   Thumb Code     2  stm32f1xx_hal_usart.o(.text.HAL_USART_TxRxCpltCallback)
    HardFault_Handler                        0x08002d59   Thumb Code     2  stm32f1xx_it.o(.text.HardFault_Handler)
    MemManage_Handler                        0x08002d5d   Thumb Code     2  stm32f1xx_it.o(.text.MemManage_Handler)
    NMI_Handler                              0x08002d61   Thumb Code     2  stm32f1xx_it.o(.text.NMI_Handler)
    PendSV_Handler                           0x08002d65   Thumb Code     2  stm32f1xx_it.o(.text.PendSV_Handler)
    SVC_Handler                              0x08002d69   Thumb Code     2  stm32f1xx_it.o(.text.SVC_Handler)
    SysTick_Handler                          0x08002d6d   Thumb Code     4  stm32f1xx_it.o(.text.SysTick_Handler)
    SystemInit                               0x08002d71   Thumb Code     2  system_stm32f1xx.o(.text.SystemInit)
    USART1_IRQHandler                        0x08002d75   Thumb Code    12  stm32f1xx_it.o(.text.USART1_IRQHandler)
    UsageFault_Handler                       0x08002e51   Thumb Code     2  stm32f1xx_it.o(.text.UsageFault_Handler)
    main                                     0x08002e55   Thumb Code   820  main.o(.text.main)
    process_command                          0x0800319d   Thumb Code   350  main.o(.text.process_command)
    fputc                                    0x080032fb   Thumb Code    28  fputc.o(i.fputc)
    _get_lc_ctype                            0x08003319   Thumb Code    44  lc_ctype_c.o(locale$$code)
    __stdin_name                             0x08003344   Data           4  sys_io_names.o(.constdata)
    __stdout_name                            0x08003348   Data           4  sys_io_names.o(.constdata)
    __stderr_name                            0x0800334c   Data           4  sys_io_names.o(.constdata)
    AHBPrescTable                            0x08003350   Data          16  system_stm32f1xx.o(.rodata.AHBPrescTable)
    APBPrescTable                            0x08003360   Data           8  system_stm32f1xx.o(.rodata.APBPrescTable)
    Region$$Table$$Base                      0x08003460   Number         0  anon$$obj.o(Region$$Table)
    Region$$Table$$Limit                     0x08003480   Number         0  anon$$obj.o(Region$$Table)
    __ctype                                  0x0800348d   Data           0  lc_ctype_c.o(locale$$data)
    __aeabi_stdin                            0x20000000   Data           4  stdio_streams.o(.data)
    __aeabi_stdout                           0x20000004   Data           4  stdio_streams.o(.data)
    __aeabi_stderr                           0x20000008   Data           4  stdio_streams.o(.data)
    uwTickFreq                               0x2000000c   Data           1  stm32f1xx_hal.o(.data..L_MergedGlobals)
    uwTickPrio                               0x20000010   Data           4  stm32f1xx_hal.o(.data..L_MergedGlobals)
    SystemCoreClock                          0x20000014   Data           4  system_stm32f1xx.o(.data.SystemCoreClock)
    __stdin                                  0x20000018   Data          84  stdio_streams.o(.bss)
    __stdout                                 0x2000006c   Data          84  stdio_streams.o(.bss)
    __stderr                                 0x200000c0   Data          84  stdio_streams.o(.bss)
    __libspace_start                         0x20000114   Data          96  libspace.o(.bss)
    __temporary_stack_top$libspace           0x20000174   Data           0  libspace.o(.bss)
    data_index                               0x20000174   Data           1  main.o(.bss..L_MergedGlobals)
    data                                     0x20000175   Data          30  main.o(.bss..L_MergedGlobals)
    hadc1                                    0x20000194   Data          48  main.o(.bss..L_MergedGlobals)
    htim2                                    0x200001c4   Data          72  main.o(.bss.htim2)
    htim3                                    0x2000020c   Data          72  main.o(.bss.htim3)
    husart1                                  0x20000254   Data          68  main.o(.bss.husart1)
    uwTick                                   0x20000298   Data           4  stm32f1xx_hal.o(.bss.uwTick)



==============================================================================

Memory Map of the image

  Image Entry point : 0x080000ed

  Load Region LR_IROM1 (Base: 0x08000000, Size: 0x000035a8, Max: 0x00010000, ABSOLUTE)

    Execution Region ER_IROM1 (Exec base: 0x08000000, Load base: 0x08000000, Size: 0x00003590, Max: 0x00010000, ABSOLUTE)

    Exec Addr    Load Addr    Size         Type   Attr      Idx    E Section Name        Object

    0x08000000   0x08000000   0x000000ec   Data   RO            3    RESET               startup_stm32f103xb.o
    0x080000ec   0x080000ec   0x00000008   Code   RO         1000  * !!!main             c_w.l(__main.o)
    0x080000f4   0x080000f4   0x0000005c   Code   RO         1377    !!!scatter          c_w.l(__scatter.o)
    0x08000150   0x08000150   0x0000001a   Code   RO         1381    !!handler_copy      c_w.l(__scatter_copy.o)
    0x0800016a   0x0800016a   0x00000002   PAD
    0x0800016c   0x0800016c   0x00000002   Code   RO         1378    !!handler_null      c_w.l(__scatter.o)
    0x0800016e   0x0800016e   0x00000002   PAD
    0x08000170   0x08000170   0x0000001c   Code   RO         1383    !!handler_zi        c_w.l(__scatter_zi.o)
    0x0800018c   0x0800018c   0x00000000   Code   RO          985    .ARM.Collect$$_printf_percent$$00000000  c_w.l(_printf_percent.o)
    0x0800018c   0x0800018c   0x00000006   Code   RO          984    .ARM.Collect$$_printf_percent$$00000009  c_w.l(_printf_d.o)
    0x08000192   0x08000192   0x00000004   Code   RO         1007    .ARM.Collect$$_printf_percent$$00000017  c_w.l(_printf_percent_end.o)
    0x08000196   0x08000196   0x00000002   Code   RO         1170    .ARM.Collect$$libinit$$00000000  c_w.l(libinit.o)
    0x08000198   0x08000198   0x00000000   Code   RO         1172    .ARM.Collect$$libinit$$00000002  c_w.l(libinit2.o)
    0x08000198   0x08000198   0x00000000   Code   RO         1174    .ARM.Collect$$libinit$$00000004  c_w.l(libinit2.o)
    0x08000198   0x08000198   0x00000000   Code   RO         1176    .ARM.Collect$$libinit$$00000006  c_w.l(libinit2.o)
    0x08000198   0x08000198   0x00000008   Code   RO         1177    .ARM.Collect$$libinit$$00000007  c_w.l(libinit2.o)
    0x080001a0   0x080001a0   0x00000000   Code   RO         1179    .ARM.Collect$$libinit$$0000000C  c_w.l(libinit2.o)
    0x080001a0   0x080001a0   0x00000000   Code   RO         1181    .ARM.Collect$$libinit$$0000000E  c_w.l(libinit2.o)
    0x080001a0   0x080001a0   0x00000000   Code   RO         1183    .ARM.Collect$$libinit$$00000010  c_w.l(libinit2.o)
    0x080001a0   0x080001a0   0x00000006   Code   RO         1184    .ARM.Collect$$libinit$$00000011  c_w.l(libinit2.o)
    0x080001a6   0x080001a6   0x00000000   Code   RO         1186    .ARM.Collect$$libinit$$00000013  c_w.l(libinit2.o)
    0x080001a6   0x080001a6   0x0000000c   Code   RO         1187    .ARM.Collect$$libinit$$00000014  c_w.l(libinit2.o)
    0x080001b2   0x080001b2   0x00000000   Code   RO         1188    .ARM.Collect$$libinit$$00000015  c_w.l(libinit2.o)
    0x080001b2   0x080001b2   0x00000000   Code   RO         1190    .ARM.Collect$$libinit$$00000017  c_w.l(libinit2.o)
    0x080001b2   0x080001b2   0x00000000   Code   RO         1192    .ARM.Collect$$libinit$$00000019  c_w.l(libinit2.o)
    0x080001b2   0x080001b2   0x00000000   Code   RO         1194    .ARM.Collect$$libinit$$0000001B  c_w.l(libinit2.o)
    0x080001b2   0x080001b2   0x00000000   Code   RO         1196    .ARM.Collect$$libinit$$0000001D  c_w.l(libinit2.o)
    0x080001b2   0x080001b2   0x00000000   Code   RO         1198    .ARM.Collect$$libinit$$0000001F  c_w.l(libinit2.o)
    0x080001b2   0x080001b2   0x00000000   Code   RO         1200    .ARM.Collect$$libinit$$00000021  c_w.l(libinit2.o)
    0x080001b2   0x080001b2   0x00000000   Code   RO         1202    .ARM.Collect$$libinit$$00000023  c_w.l(libinit2.o)
    0x080001b2   0x080001b2   0x00000000   Code   RO         1204    .ARM.Collect$$libinit$$00000025  c_w.l(libinit2.o)
    0x080001b2   0x080001b2   0x00000004   Code   RO         1205    .ARM.Collect$$libinit$$00000026  c_w.l(libinit2.o)
    0x080001b6   0x080001b6   0x00000000   Code   RO         1206    .ARM.Collect$$libinit$$00000027  c_w.l(libinit2.o)
    0x080001b6   0x080001b6   0x00000000   Code   RO         1210    .ARM.Collect$$libinit$$0000002E  c_w.l(libinit2.o)
    0x080001b6   0x080001b6   0x00000000   Code   RO         1212    .ARM.Collect$$libinit$$00000030  c_w.l(libinit2.o)
    0x080001b6   0x080001b6   0x00000000   Code   RO         1214    .ARM.Collect$$libinit$$00000032  c_w.l(libinit2.o)
    0x080001b6   0x080001b6   0x00000000   Code   RO         1216    .ARM.Collect$$libinit$$00000034  c_w.l(libinit2.o)
    0x080001b6   0x080001b6   0x00000002   Code   RO         1217    .ARM.Collect$$libinit$$00000035  c_w.l(libinit2.o)
    0x080001b8   0x080001b8   0x00000002   Code   RO         1356    .ARM.Collect$$libshutdown$$00000000  c_w.l(libshutdown.o)
    0x080001ba   0x080001ba   0x00000000   Code   RO         1219    .ARM.Collect$$libshutdown$$00000002  c_w.l(libshutdown2.o)
    0x080001ba   0x080001ba   0x00000004   Code   RO         1220    .ARM.Collect$$libshutdown$$00000003  c_w.l(libshutdown2.o)
    0x080001be   0x080001be   0x00000000   Code   RO         1221    .ARM.Collect$$libshutdown$$00000004  c_w.l(libshutdown2.o)
    0x080001be   0x080001be   0x00000000   Code   RO         1224    .ARM.Collect$$libshutdown$$00000007  c_w.l(libshutdown2.o)
    0x080001be   0x080001be   0x00000000   Code   RO         1227    .ARM.Collect$$libshutdown$$0000000A  c_w.l(libshutdown2.o)
    0x080001be   0x080001be   0x00000000   Code   RO         1229    .ARM.Collect$$libshutdown$$0000000C  c_w.l(libshutdown2.o)
    0x080001be   0x080001be   0x00000000   Code   RO         1232    .ARM.Collect$$libshutdown$$0000000F  c_w.l(libshutdown2.o)
    0x080001be   0x080001be   0x00000002   Code   RO         1233    .ARM.Collect$$libshutdown$$00000010  c_w.l(libshutdown2.o)
    0x080001c0   0x080001c0   0x00000000   Code   RO         1002    .ARM.Collect$$rtentry$$00000000  c_w.l(__rtentry.o)
    0x080001c0   0x080001c0   0x00000000   Code   RO         1027    .ARM.Collect$$rtentry$$00000002  c_w.l(__rtentry2.o)
    0x080001c0   0x080001c0   0x00000006   Code   RO         1039    .ARM.Collect$$rtentry$$00000004  c_w.l(__rtentry4.o)
    0x080001c6   0x080001c6   0x00000000   Code   RO         1029    .ARM.Collect$$rtentry$$00000009  c_w.l(__rtentry2.o)
    0x080001c6   0x080001c6   0x00000004   Code   RO         1030    .ARM.Collect$$rtentry$$0000000A  c_w.l(__rtentry2.o)
    0x080001ca   0x080001ca   0x00000000   Code   RO         1032    .ARM.Collect$$rtentry$$0000000C  c_w.l(__rtentry2.o)
    0x080001ca   0x080001ca   0x00000008   Code   RO         1033    .ARM.Collect$$rtentry$$0000000D  c_w.l(__rtentry2.o)
    0x080001d2   0x080001d2   0x00000002   Code   RO         1240    .ARM.Collect$$rtexit$$00000000  c_w.l(rtexit.o)
    0x080001d4   0x080001d4   0x00000000   Code   RO         1308    .ARM.Collect$$rtexit$$00000002  c_w.l(rtexit2.o)
    0x080001d4   0x080001d4   0x00000004   Code   RO         1309    .ARM.Collect$$rtexit$$00000003  c_w.l(rtexit2.o)
    0x080001d8   0x080001d8   0x00000006   Code   RO         1310    .ARM.Collect$$rtexit$$00000004  c_w.l(rtexit2.o)
    0x080001de   0x080001de   0x00000002   PAD
    0x080001e0   0x080001e0   0x00000040   Code   RO            4    .text               startup_stm32f103xb.o
    0x08000220   0x08000220   0x00000018   Code   RO          958    .text               c_w.l(noretval__2printf.o)
    0x08000238   0x08000238   0x00000068   Code   RO          960    .text               c_w.l(__printf.o)
    0x080002a0   0x080002a0   0x00000078   Code   RO          962    .text               c_w.l(_printf_dec.o)
    0x08000318   0x08000318   0x0000003c   Code   RO          986    .text               c_w.l(__0sscanf.o)
    0x08000354   0x08000354   0x0000014c   Code   RO          988    .text               c_w.l(_scanf_int.o)
    0x080004a0   0x080004a0   0x0000002c   Code   RO          990    .text               c_w.l(puts.o)
    0x080004cc   0x080004cc   0x0000003e   Code   RO          992    .text               c_w.l(strlen.o)
    0x0800050a   0x0800050a   0x0000004e   Code   RO          994    .text               c_w.l(rt_memclr_w.o)
    0x08000558   0x08000558   0x00000080   Code   RO          996    .text               c_w.l(strcmpv7m.o)
    0x080005d8   0x080005d8   0x00000006   Code   RO          998    .text               c_w.l(heapauxi.o)
    0x080005de   0x080005de   0x000000b2   Code   RO         1003    .text               c_w.l(_printf_intcommon.o)
    0x08000690   0x08000690   0x00000024   Code   RO         1005    .text               c_w.l(_printf_char_file.o)
    0x080006b4   0x080006b4   0x0000001c   Code   RO         1008    .text               c_w.l(_chval.o)
    0x080006d0   0x080006d0   0x0000002c   Code   RO         1010    .text               c_w.l(scanf_char.o)
    0x080006fc   0x080006fc   0x00000040   Code   RO         1012    .text               c_w.l(_sgetc.o)
    0x0800073c   0x0800073c   0x00000012   Code   RO         1041    .text               c_w.l(isspace.o)
    0x0800074e   0x0800074e   0x00000002   PAD
    0x08000750   0x08000750   0x00000030   Code   RO         1043    .text               c_w.l(_printf_char_common.o)
    0x08000780   0x08000780   0x00000374   Code   RO         1045    .text               c_w.l(_scanf.o)
    0x08000af4   0x08000af4   0x00000008   Code   RO         1047    .text               c_w.l(ferror.o)
    0x08000afc   0x08000afc   0x000001e2   Code   RO         1049    .text               c_w.l(flsbuf.o)
    0x08000cde   0x08000cde   0x00000002   PAD
    0x08000ce0   0x08000ce0   0x00000138   Code   RO         1051    .text               c_w.l(initio.o)
    0x08000e18   0x08000e18   0x00000066   Code   RO         1059    .text               c_w.l(sys_io.o)
    0x08000e7e   0x08000e7e   0x0000004a   Code   RO         1068    .text               c_w.l(sys_stackheap_outer.o)
    0x08000ec8   0x08000ec8   0x00000010   Code   RO         1070    .text               c_w.l(rt_ctype_table.o)
    0x08000ed8   0x08000ed8   0x0000005e   Code   RO         1076    .text               c_w.l(h1_alloc.o)
    0x08000f36   0x08000f36   0x0000004e   Code   RO         1078    .text               c_w.l(h1_free.o)
    0x08000f84   0x08000f84   0x00000046   Code   RO         1138    .text               c_w.l(setvbuf.o)
    0x08000fca   0x08000fca   0x00000002   PAD
    0x08000fcc   0x08000fcc   0x00000108   Code   RO         1140    .text               c_w.l(stdio.o)
    0x080010d4   0x080010d4   0x000000f0   Code   RO         1145    .text               c_w.l(fopen.o)
    0x080011c4   0x080011c4   0x0000004c   Code   RO         1147    .text               c_w.l(fclose.o)
    0x08001210   0x08001210   0x00000012   Code   RO         1157    .text               c_w.l(exit.o)
    0x08001222   0x08001222   0x0000000e   Code   RO         1159    .text               c_w.l(defsig_rtred_outer.o)
    0x08001230   0x08001230   0x00000008   Code   RO         1234    .text               c_w.l(libspace.o)
    0x08001238   0x08001238   0x00000002   Code   RO         1237    .text               c_w.l(use_no_semi.o)
    0x0800123a   0x0800123a   0x00000000   Code   RO         1239    .text               c_w.l(indicate_semi.o)
    0x0800123a   0x0800123a   0x00000002   PAD
    0x0800123c   0x0800123c   0x00000008   Code   RO         1247    .text               c_w.l(rt_heap_descriptor_intlibspace.o)
    0x08001244   0x08001244   0x00000008   Code   RO         1252    .text               c_w.l(rt_locale_intlibspace.o)
    0x0800124c   0x0800124c   0x00000004   Code   RO         1254    .text               c_w.l(hguard.o)
    0x08001250   0x08001250   0x0000008a   Code   RO         1256    .text               c_w.l(init_alloc.o)
    0x080012da   0x080012da   0x0000000c   Code   RO         1260    .text               c_w.l(h1_init.o)
    0x080012e6   0x080012e6   0x00000002   PAD
    0x080012e8   0x080012e8   0x000000f8   Code   RO         1276    .text               c_w.l(fseek.o)
    0x080013e0   0x080013e0   0x0000000a   Code   RO         1285    .text               c_w.l(defsig_exit.o)
    0x080013ea   0x080013ea   0x00000002   PAD
    0x080013ec   0x080013ec   0x00000034   Code   RO         1287    .text               c_w.l(defsig_rtred_inner.o)
    0x08001420   0x08001420   0x0000000c   Code   RO         1301    .text               c_w.l(sys_exit.o)
    0x0800142c   0x0800142c   0x00000000   Code   RO         1316    .text               c_w.l(maybetermalloc1.o)
    0x0800142c   0x0800142c   0x00000034   Code   RO         1318    .text               c_w.l(h1_extend.o)
    0x08001460   0x08001460   0x00000042   Code   RO         1322    .text               c_w.l(ftell.o)
    0x080014a2   0x080014a2   0x00000032   Code   RO         1326    .text               c_w.l(defsig_general.o)
    0x080014d4   0x080014d4   0x0000000e   Code   RO         1328    .text               c_w.l(defsig_rtmem_outer.o)
    0x080014e2   0x080014e2   0x0000000e   Code   RO         1339    .text               c_w.l(sys_wrch.o)
    0x080014f0   0x080014f0   0x00000008   Code   RO         1346    .text               c_w.l(rt_errno_addr_intlibspace.o)
    0x080014f8   0x080014f8   0x00000050   Code   RO         1350    .text               c_w.l(defsig_rtmem_inner.o)
    0x08001548   0x08001548   0x00000002   Code   RO           51    .text.BusFault_Handler  stm32f1xx_it.o
    0x0800154a   0x0800154a   0x00000002   PAD
    0x0800154c   0x0800154c   0x00000002   Code   RO           57    .text.DebugMon_Handler  stm32f1xx_it.o
    0x0800154e   0x0800154e   0x00000002   PAD
    0x08001550   0x08001550   0x00000176   Code   RO          156    .text.HAL_ADC_ConfigChannel  stm32f1xx_hal_adc.o
    0x080016c6   0x080016c6   0x00000002   PAD
    0x080016c8   0x080016c8   0x00000160   Code   RO          110    .text.HAL_ADC_Init  stm32f1xx_hal_adc.o
    0x08001828   0x08001828   0x00000062   Code   RO           74    .text.HAL_ADC_MspInit  stm32f1xx_hal_msp.o
    0x0800188a   0x0800188a   0x00000002   PAD
    0x0800188c   0x0800188c   0x000000b4   Code   RO          352    .text.HAL_DMA_Abort_IT  stm32f1xx_hal_dma.o
    0x08001940   0x08001940   0x0000020e   Code   RO          318    .text.HAL_GPIO_Init  stm32f1xx_hal_gpio.o
    0x08001b4e   0x08001b4e   0x00000002   PAD
    0x08001b50   0x08001b50   0x0000000a   Code   RO          324    .text.HAL_GPIO_WritePin  stm32f1xx_hal_gpio.o
    0x08001b5a   0x08001b5a   0x00000002   PAD
    0x08001b5c   0x08001b5c   0x0000000c   Code   RO          218    .text.HAL_GetTick   stm32f1xx_hal.o
    0x08001b68   0x08001b68   0x0000001a   Code   RO          216    .text.HAL_IncTick   stm32f1xx_hal.o
    0x08001b82   0x08001b82   0x00000002   PAD
    0x08001b84   0x08001b84   0x00000026   Code   RO          206    .text.HAL_Init      stm32f1xx_hal.o
    0x08001baa   0x08001baa   0x00000002   PAD
    0x08001bac   0x08001bac   0x00000048   Code   RO          208    .text.HAL_InitTick  stm32f1xx_hal.o
    0x08001bf4   0x08001bf4   0x00000042   Code   RO           72    .text.HAL_MspInit   stm32f1xx_hal_msp.o
    0x08001c36   0x08001c36   0x00000002   PAD
    0x08001c38   0x08001c38   0x00000022   Code   RO          378    .text.HAL_NVIC_EnableIRQ  stm32f1xx_hal_cortex.o
    0x08001c5a   0x08001c5a   0x00000002   PAD
    0x08001c5c   0x08001c5c   0x00000056   Code   RO          376    .text.HAL_NVIC_SetPriority  stm32f1xx_hal_cortex.o
    0x08001cb2   0x08001cb2   0x00000002   PAD
    0x08001cb4   0x08001cb4   0x00000020   Code   RO          374    .text.HAL_NVIC_SetPriorityGrouping  stm32f1xx_hal_cortex.o
    0x08001cd4   0x08001cd4   0x00000102   Code   RO          304    .text.HAL_RCCEx_PeriphCLKConfig  stm32f1xx_hal_rcc_ex.o
    0x08001dd6   0x08001dd6   0x00000002   PAD
    0x08001dd8   0x08001dd8   0x000001c2   Code   RO          270    .text.HAL_RCC_ClockConfig  stm32f1xx_hal_rcc.o
    0x08001f9a   0x08001f9a   0x00000002   PAD
    0x08001f9c   0x08001f9c   0x00000026   Code   RO          282    .text.HAL_RCC_GetPCLK1Freq  stm32f1xx_hal_rcc.o
    0x08001fc2   0x08001fc2   0x00000002   PAD
    0x08001fc4   0x08001fc4   0x00000026   Code   RO          284    .text.HAL_RCC_GetPCLK2Freq  stm32f1xx_hal_rcc.o
    0x08001fea   0x08001fea   0x00000002   PAD
    0x08001fec   0x08001fec   0x00000400   Code   RO          268    .text.HAL_RCC_OscConfig  stm32f1xx_hal_rcc.o
    0x080023ec   0x080023ec   0x0000002c   Code   RO          386    .text.HAL_SYSTICK_Config  stm32f1xx_hal_cortex.o
    0x08002418   0x08002418   0x0000007e   Code   RO          834    .text.HAL_TIMEx_MasterConfigSynchronization  stm32f1xx_hal_tim_ex.o
    0x08002496   0x08002496   0x00000002   PAD
    0x08002498   0x08002498   0x000000d6   Code   RO           80    .text.HAL_TIM_MspPostInit  stm32f1xx_hal_msp.o
    0x0800256e   0x0800256e   0x00000002   PAD
    0x08002570   0x08002570   0x000001fe   Code   RO          693    .text.HAL_TIM_PWM_ConfigChannel  stm32f1xx_hal_tim.o
    0x0800276e   0x0800276e   0x00000002   PAD
    0x08002770   0x08002770   0x000000ec   Code   RO          593    .text.HAL_TIM_PWM_Init  stm32f1xx_hal_tim.o
    0x0800285c   0x0800285c   0x00000052   Code   RO           78    .text.HAL_TIM_PWM_MspInit  stm32f1xx_hal_msp.o
    0x080028ae   0x080028ae   0x00000002   PAD
    0x080028b0   0x080028b0   0x00000002   Code   RO          916    .text.HAL_USART_ErrorCallback  stm32f1xx_hal_usart.o
    0x080028b2   0x080028b2   0x00000002   PAD
    0x080028b4   0x080028b4   0x000002ba   Code   RO          910    .text.HAL_USART_IRQHandler  stm32f1xx_hal_usart.o
    0x08002b6e   0x08002b6e   0x00000002   PAD
    0x08002b70   0x08002b70   0x000000ee   Code   RO          858    .text.HAL_USART_Init  stm32f1xx_hal_usart.o
    0x08002c5e   0x08002c5e   0x00000002   PAD
    0x08002c60   0x08002c60   0x0000008a   Code   RO           84    .text.HAL_USART_MspInit  stm32f1xx_hal_msp.o
    0x08002cea   0x08002cea   0x00000002   PAD
    0x08002cec   0x08002cec   0x00000060   Code   RO          874    .text.HAL_USART_Receive_IT  stm32f1xx_hal_usart.o
    0x08002d4c   0x08002d4c   0x00000002   Code   RO          922    .text.HAL_USART_RxCpltCallback  stm32f1xx_hal_usart.o
    0x08002d4e   0x08002d4e   0x00000002   PAD
    0x08002d50   0x08002d50   0x00000002   Code   RO          918    .text.HAL_USART_TxCpltCallback  stm32f1xx_hal_usart.o
    0x08002d52   0x08002d52   0x00000002   PAD
    0x08002d54   0x08002d54   0x00000002   Code   RO          926    .text.HAL_USART_TxRxCpltCallback  stm32f1xx_hal_usart.o
    0x08002d56   0x08002d56   0x00000002   PAD
    0x08002d58   0x08002d58   0x00000002   Code   RO           47    .text.HardFault_Handler  stm32f1xx_it.o
    0x08002d5a   0x08002d5a   0x00000002   PAD
    0x08002d5c   0x08002d5c   0x00000002   Code   RO           49    .text.MemManage_Handler  stm32f1xx_it.o
    0x08002d5e   0x08002d5e   0x00000002   PAD
    0x08002d60   0x08002d60   0x00000002   Code   RO           45    .text.NMI_Handler   stm32f1xx_it.o
    0x08002d62   0x08002d62   0x00000002   PAD
    0x08002d64   0x08002d64   0x00000002   Code   RO           59    .text.PendSV_Handler  stm32f1xx_it.o
    0x08002d66   0x08002d66   0x00000002   PAD
    0x08002d68   0x08002d68   0x00000002   Code   RO           55    .text.SVC_Handler   stm32f1xx_it.o
    0x08002d6a   0x08002d6a   0x00000002   PAD
    0x08002d6c   0x08002d6c   0x00000004   Code   RO           61    .text.SysTick_Handler  stm32f1xx_it.o
    0x08002d70   0x08002d70   0x00000002   Code   RO          940    .text.SystemInit    system_stm32f1xx.o
    0x08002d72   0x08002d72   0x00000002   PAD
    0x08002d74   0x08002d74   0x0000000c   Code   RO           63    .text.USART1_IRQHandler  stm32f1xx_it.o
    0x08002d80   0x08002d80   0x0000000c   Code   RO          914    .text.USART_DMAAbortOnError  stm32f1xx_hal_usart.o
    0x08002d8c   0x08002d8c   0x000000c4   Code   RO          912    .text.USART_TransmitReceive_IT  stm32f1xx_hal_usart.o
    0x08002e50   0x08002e50   0x00000002   Code   RO           53    .text.UsageFault_Handler  stm32f1xx_it.o
    0x08002e52   0x08002e52   0x00000002   PAD
    0x08002e54   0x08002e54   0x00000348   Code   RO           11    .text.main          main.o
    0x0800319c   0x0800319c   0x0000015e   Code   RO           15    .text.process_command  main.o
    0x080032fa   0x080032fa   0x0000001c   Code   RO         1015    i.fputc             c_w.l(fputc.o)
    0x08003316   0x08003316   0x00000002   PAD
    0x08003318   0x08003318   0x0000002c   Code   RO         1283    locale$$code        c_w.l(lc_ctype_c.o)
    0x08003344   0x08003344   0x00000004   Data   RO         1061    .constdata          c_w.l(sys_io_names.o)
    0x08003348   0x08003348   0x00000004   Data   RO         1062    .constdata          c_w.l(sys_io_names.o)
    0x0800334c   0x0800334c   0x00000004   Data   RO         1063    .constdata          c_w.l(sys_io_names.o)
    0x08003350   0x08003350   0x00000010   Data   RO          945    .rodata.AHBPrescTable  system_stm32f1xx.o
    0x08003360   0x08003360   0x00000008   Data   RO          946    .rodata.APBPrescTable  system_stm32f1xx.o
    0x08003368   0x08003368   0x00000002   Data   RO          295    .rodata.HAL_RCC_GetSysClockFreq.aPredivFactorTable  stm32f1xx_hal_rcc.o
    0x0800336a   0x0800336a   0x00000010   Data   RO          294    .rodata.cst16       stm32f1xx_hal_rcc.o
    0x0800337a   0x0800337a   0x000000e5   Data   RO           32    .rodata.str1.1      main.o
    0x0800345f   0x0800345f   0x00000001   PAD
    0x08003460   0x08003460   0x00000020   Data   RO         1376    Region$$Table       anon$$obj.o
    0x08003480   0x08003480   0x00000110   Data   RO         1282    locale$$data        c_w.l(lc_ctype_c.o)


    Execution Region RW_IRAM1 (Exec base: 0x20000000, Load base: 0x08003590, Size: 0x000008a0, Max: 0x00005000, ABSOLUTE)

    Exec Addr    Load Addr    Size         Type   Attr      Idx    E Section Name        Object

    0x20000000   0x08003590   0x00000004   Data   RW         1021    .data               c_w.l(stdio_streams.o)
    0x20000004   0x08003594   0x00000004   Data   RW         1022    .data               c_w.l(stdio_streams.o)
    0x20000008   0x08003598   0x00000004   Data   RW         1023    .data               c_w.l(stdio_streams.o)
    0x2000000c   0x0800359c   0x00000008   Data   RW          257    .data..L_MergedGlobals  stm32f1xx_hal.o
    0x20000014   0x080035a4   0x00000004   Data   RW          944    .data.SystemCoreClock  system_stm32f1xx.o
    0x20000018        -       0x00000054   Zero   RW         1018    .bss                c_w.l(stdio_streams.o)
    0x2000006c        -       0x00000054   Zero   RW         1019    .bss                c_w.l(stdio_streams.o)
    0x200000c0        -       0x00000054   Zero   RW         1020    .bss                c_w.l(stdio_streams.o)
    0x20000114        -       0x00000060   Zero   RW         1235    .bss                c_w.l(libspace.o)
    0x20000174        -       0x00000050   Zero   RW           36    .bss..L_MergedGlobals  main.o
    0x200001c4        -       0x00000048   Zero   RW           33    .bss.htim2          main.o
    0x2000020c        -       0x00000048   Zero   RW           34    .bss.htim3          main.o
    0x20000254        -       0x00000044   Zero   RW           31    .bss.husart1        main.o
    0x20000298        -       0x00000004   Zero   RW          256    .bss.uwTick         stm32f1xx_hal.o
    0x2000029c   0x080035a8   0x00000004   PAD
    0x200002a0        -       0x00000200   Zero   RW            2    HEAP                startup_stm32f103xb.o
    0x200004a0        -       0x00000400   Zero   RW            1    STACK               startup_stm32f103xb.o


==============================================================================

Image component sizes


      Code (inc. data)   RO Data    RW Data    ZI Data      Debug   Object Name

      1190         38        229          0        292      13017   main.o
        64         26        236          0       1536        784   startup_stm32f103xb.o
       148          0          0          8          4       5738   stm32f1xx_hal.o
       726          0          0          0          0      13572   stm32f1xx_hal_adc.o
       196          0          0          0          0       8429   stm32f1xx_hal_cortex.o
       180          0          0          0          0       8468   stm32f1xx_hal_dma.o
       536         20          0          0          0       4611   stm32f1xx_hal_gpio.o
       598          0          0          0          0       9532   stm32f1xx_hal_msp.o
      1550          0         18          0          0       7919   stm32f1xx_hal_rcc.o
       258          0          0          0          0       3628   stm32f1xx_hal_rcc_ex.o
       746          4          0          0          0      55739   stm32f1xx_hal_tim.o
       126          0          0          0          0      20533   stm32f1xx_hal_tim_ex.o
      1248          0          0          0          0      19167   stm32f1xx_hal_usart.o
        32          0          0          0          0       3696   stm32f1xx_it.o
         2          0         24          4          0       1576   system_stm32f1xx.o

    ----------------------------------------------------------------------
      7666         88        540         12       1836     176409   Object Totals
         0          0         32          0          0          0   (incl. Generated)
        66          0          1          0          4          0   (incl. Padding)

    ----------------------------------------------------------------------

      Code (inc. data)   RO Data    RW Data    ZI Data      Debug   Library Member Name

        60          8          0          0          0         84   __0sscanf.o
         8          0          0          0          0         68   __main.o
       104          0          0          0          0         84   __printf.o
         0          0          0          0          0          0   __rtentry.o
        12          0          0          0          0          0   __rtentry2.o
         6          0          0          0          0          0   __rtentry4.o
        94          8          0          0          0          0   __scatter.o
        26          0          0          0          0          0   __scatter_copy.o
        28          0          0          0          0          0   __scatter_zi.o
        28          0          0          0          0         68   _chval.o
        48          6          0          0          0         96   _printf_char_common.o
        36          4          0          0          0         80   _printf_char_file.o
         6          0          0          0          0          0   _printf_d.o
       120         16          0          0          0         92   _printf_dec.o
       178          0          0          0          0         88   _printf_intcommon.o
         0          0          0          0          0          0   _printf_percent.o
         4          0          0          0          0          0   _printf_percent_end.o
       884          6          0          0          0        100   _scanf.o
       332          0          0          0          0         96   _scanf_int.o
        64          0          0          0          0         84   _sgetc.o
        10          0          0          0          0         68   defsig_exit.o
        50          0          0          0          0         88   defsig_general.o
        80         58          0          0          0         76   defsig_rtmem_inner.o
        14          0          0          0          0         80   defsig_rtmem_outer.o
        52         38          0          0          0         76   defsig_rtred_inner.o
        14          0          0          0          0         80   defsig_rtred_outer.o
        18          0          0          0          0         80   exit.o
        76          0          0          0          0         88   fclose.o
         8          0          0          0          0         68   ferror.o
       482          0          0          0          0         92   flsbuf.o
       240          6          0          0          0        128   fopen.o
        28          0          0          0          0         68   fputc.o
       248          6          0          0          0         84   fseek.o
        66          0          0          0          0         76   ftell.o
        94          0          0          0          0         80   h1_alloc.o
        52          0          0          0          0         68   h1_extend.o
        78          0          0          0          0         80   h1_free.o
        12          0          0          0          0         84   h1_init.o
         6          0          0          0          0        152   heapauxi.o
         4          0          0          0          0        136   hguard.o
         0          0          0          0          0          0   indicate_semi.o
       138          0          0          0          0        168   init_alloc.o
       312         46          0          0          0        112   initio.o
        18          0          0          0          0         76   isspace.o
        44         10        272          0          0         76   lc_ctype_c.o
         2          0          0          0          0          0   libinit.o
        32          0          0          0          0          0   libinit2.o
         2          0          0          0          0          0   libshutdown.o
         6          0          0          0          0          0   libshutdown2.o
         8          4          0          0         96         68   libspace.o
         0          0          0          0          0          0   maybetermalloc1.o
        24          4          0          0          0         84   noretval__2printf.o
        44          4          0          0          0         84   puts.o
        16          4          0          0          0         76   rt_ctype_table.o
         8          4          0          0          0         68   rt_errno_addr_intlibspace.o
         8          4          0          0          0         68   rt_heap_descriptor_intlibspace.o
         8          4          0          0          0         68   rt_locale_intlibspace.o
        78          0          0          0          0         80   rt_memclr_w.o
         2          0          0          0          0          0   rtexit.o
        10          0          0          0          0          0   rtexit2.o
        44          8          0          0          0         84   scanf_char.o
        70          0          0          0          0         80   setvbuf.o
       264          6          0          0          0        160   stdio.o
         0          0          0         12        252          0   stdio_streams.o
       128          0          0          0          0         68   strcmpv7m.o
        62          0          0          0          0         76   strlen.o
        12          4          0          0          0         68   sys_exit.o
       102          0          0          0          0        240   sys_io.o
         0          0         12          0          0          0   sys_io_names.o
        74          0          0          0          0         80   sys_stackheap_outer.o
        14          0          0          0          0         76   sys_wrch.o
         2          0          0          0          0         68   use_no_semi.o

    ----------------------------------------------------------------------
      5222        258        284         12        348       4720   Library Totals
        20          0          0          0          0          0   (incl. Padding)

    ----------------------------------------------------------------------

      Code (inc. data)   RO Data    RW Data    ZI Data      Debug   Library Name

      5202        258        284         12        348       4720   c_w.l

    ----------------------------------------------------------------------
      5222        258        284         12        348       4720   Library Totals

    ----------------------------------------------------------------------

==============================================================================


      Code (inc. data)   RO Data    RW Data    ZI Data      Debug   

     12888        346        824         24       2184     178385   Grand Totals
     12888        346        824         24       2184     178385   ELF Image Totals
     12888        346        824         24          0          0   ROM Totals

==============================================================================

    Total RO  Size (Code + RO Data)                13712 (  13.39kB)
    Total RW  Size (RW Data + ZI Data)              2208 (   2.16kB)
    Total ROM Size (Code + RO Data + RW Data)      13736 (  13.41kB)

==============================================================================

